Archive member included to satisfy reference by file (symbol)

.\CortexM3\ARM_GCC_541\Debug\Design01.a(TIMER.o)
                              .\CortexM3\ARM_GCC_541\Debug\main.o (TIMER_ReadStatusRegister)
.\CortexM3\ARM_GCC_541\Debug\Design01.a(PWM.o)
                              .\CortexM3\ARM_GCC_541\Debug\main.o (PWM_WriteCompare)
.\CortexM3\ARM_GCC_541\Debug\Design01.a(HE_ISR.o)
                              .\CortexM3\ARM_GCC_541\Debug\main.o (HE_ISR_SetVector)
.\CortexM3\ARM_GCC_541\Debug\Design01.a(UART.o)
                              .\CortexM3\ARM_GCC_541\Debug\main.o (UART_Start)
.\CortexM3\ARM_GCC_541\Debug\Design01.a(SERVO_PWM.o)
                              .\CortexM3\ARM_GCC_541\Debug\main.o (SERVO_PWM_WriteCompare)
.\CortexM3\ARM_GCC_541\Debug\Design01.a(UART_IntClock.o)
                              .\CortexM3\ARM_GCC_541\Debug\Design01.a(UART.o) (UART_IntClock_Start)
.\CortexM3\ARM_GCC_541\Debug\Design01.a(CyLib.o)
                              .\CortexM3\ARM_GCC_541\Debug\Cm3Start.o (CyHalt)
.\CortexM3\ARM_GCC_541\Debug\Design01.a(cyPm.o)
                              .\CortexM3\ARM_GCC_541\Debug\Design01.a(CyLib.o) (CyPmReadStatus)
.\CortexM3\ARM_GCC_541\Debug\Design01.a(COMP.o)
                              .\CortexM3\ARM_GCC_541\Debug\main.o (COMP_Start)
.\CortexM3\ARM_GCC_541\Debug\Design01.a(VDAC.o)
                              .\CortexM3\ARM_GCC_541\Debug\main.o (VDAC_Start)
.\CortexM3\ARM_GCC_541\Debug\Design01.a(INT_SAMPLE.o)
                              .\CortexM3\ARM_GCC_541\Debug\main.o (INT_SAMPLE_SetVector)
.\CortexM3\ARM_GCC_541\Debug\Design01.a(VID_TIMER.o)
                              .\CortexM3\ARM_GCC_541\Debug\main.o (VID_TIMER_ReadCapture)
.\CortexM3\ARM_GCC_541\Debug\Design01.a(CyBootAsmGnu.o)
                              .\CortexM3\ARM_GCC_541\Debug\cyfitter_cfg.o (CyDelayCycles)
.\CortexM3\ARM_GCC_541\Debug\Design01.a(CyFlash.o)
                              .\CortexM3\ARM_GCC_541\Debug\Design01.a(cyPm.o) (CyFlash_SetWaitCycles)
.\CortexM3\ARM_GCC_541\Debug\Design01.a(CySpc.o)
                              .\CortexM3\ARM_GCC_541\Debug\Design01.a(CyFlash.o) (CySpcStart)
c:/program files (x86)/cypress/psoc creator/4.4/psoc creator/import/gnu/arm/5.4.1/bin/../lib/gcc/arm-none-eabi/5.4.1/armv7-m\libgcc.a(_arm_addsubdf3.o)
                              .\CortexM3\ARM_GCC_541\Debug\main.o (__aeabi_dsub)
c:/program files (x86)/cypress/psoc creator/4.4/psoc creator/import/gnu/arm/5.4.1/bin/../lib/gcc/arm-none-eabi/5.4.1/armv7-m\libgcc.a(_arm_muldivdf3.o)
                              .\CortexM3\ARM_GCC_541\Debug\main.o (__aeabi_dmul)
c:/program files (x86)/cypress/psoc creator/4.4/psoc creator/import/gnu/arm/5.4.1/bin/../lib/gcc/arm-none-eabi/5.4.1/armv7-m\libgcc.a(_arm_cmpdf2.o)
                              .\CortexM3\ARM_GCC_541\Debug\main.o (__aeabi_dcmplt)
c:/program files (x86)/cypress/psoc creator/4.4/psoc creator/import/gnu/arm/5.4.1/bin/../lib/gcc/arm-none-eabi/5.4.1/armv7-m\libgcc.a(_arm_fixunsdfsi.o)
                              .\CortexM3\ARM_GCC_541\Debug\main.o (__aeabi_d2uiz)
c:/program files (x86)/cypress/psoc creator/4.4/psoc creator/import/gnu/arm/5.4.1/bin/../lib/gcc/arm-none-eabi/5.4.1/../../../../arm-none-eabi/lib/armv7-m\libg_nano.a(lib_a-errno.o)
                              .\CortexM3\ARM_GCC_541\Debug\Cm3Start.o (__errno)
c:/program files (x86)/cypress/psoc creator/4.4/psoc creator/import/gnu/arm/5.4.1/bin/../lib/gcc/arm-none-eabi/5.4.1/../../../../arm-none-eabi/lib/armv7-m\libg_nano.a(lib_a-exit.o)
                              c:/program files (x86)/cypress/psoc creator/4.4/psoc creator/import/gnu/arm/5.4.1/bin/../lib/gcc/arm-none-eabi/5.4.1/../../../../arm-none-eabi/lib/armv7-m/crt0.o (exit)
c:/program files (x86)/cypress/psoc creator/4.4/psoc creator/import/gnu/arm/5.4.1/bin/../lib/gcc/arm-none-eabi/5.4.1/../../../../arm-none-eabi/lib/armv7-m\libg_nano.a(lib_a-impure.o)
                              c:/program files (x86)/cypress/psoc creator/4.4/psoc creator/import/gnu/arm/5.4.1/bin/../lib/gcc/arm-none-eabi/5.4.1/../../../../arm-none-eabi/lib/armv7-m\libg_nano.a(lib_a-exit.o) (_global_impure_ptr)
c:/program files (x86)/cypress/psoc creator/4.4/psoc creator/import/gnu/arm/5.4.1/bin/../lib/gcc/arm-none-eabi/5.4.1/../../../../arm-none-eabi/lib/armv7-m\libg_nano.a(lib_a-init.o)
                              c:/program files (x86)/cypress/psoc creator/4.4/psoc creator/import/gnu/arm/5.4.1/bin/../lib/gcc/arm-none-eabi/5.4.1/../../../../arm-none-eabi/lib/armv7-m/crt0.o (__libc_init_array)
c:/program files (x86)/cypress/psoc creator/4.4/psoc creator/import/gnu/arm/5.4.1/bin/../lib/gcc/arm-none-eabi/5.4.1/../../../../arm-none-eabi/lib/armv7-m\libg_nano.a(lib_a-memcpy-stub.o)
                              .\CortexM3\ARM_GCC_541\Debug\cyfitter_cfg.o (memcpy)
c:/program files (x86)/cypress/psoc creator/4.4/psoc creator/import/gnu/arm/5.4.1/bin/../lib/gcc/arm-none-eabi/5.4.1/../../../../arm-none-eabi/lib/armv7-m\libg_nano.a(lib_a-memset.o)
[...]
Memory Configuration

Name             Origin             Length             Attributes
rom              0x00000000         0x00040000         xr
ram              0x1fff8000         0x00010000         xrw
*default*        0x00000000         0xffffffff

Linker script and memory map

LOAD c:/program files (x86)/cypress/psoc creator/4.4/psoc creator/import/gnu/arm/5.4.1/bin/../lib/gcc/arm-none-eabi/5.4.1/armv7-m/crti.o
LOAD c:/program files (x86)/cypress/psoc creator/4.4/psoc creator/import/gnu/arm/5.4.1/bin/../lib/gcc/arm-none-eabi/5.4.1/armv7-m/crtbegin.o
LOAD c:/program files (x86)/cypress/psoc creator/4.4/psoc creator/import/gnu/arm/5.4.1/bin/../lib/gcc/arm-none-eabi/5.4.1/../../../../arm-none-eabi/lib/armv7-m/crt0.o
START GROUP
LOAD .\CortexM3\ARM_GCC_541\Debug\main.o
LOAD .\CortexM3\ARM_GCC_541\Debug\cyfitter_cfg.o
LOAD .\CortexM3\ARM_GCC_541\Debug\cymetadata.o
LOAD .\CortexM3\ARM_GCC_541\Debug\Cm3Start.o
LOAD .\CortexM3\ARM_GCC_541\Debug\Design01.a
LOAD C:\Program Files (x86)\Cypress\PSoC Creator\4.4\PSoC Creator\psoc\content\cycomponentlibrary\CyComponentLibrary.cylib\CortexM3\ARM_GCC_541\Debug\CyComponentLibrary.a
END GROUP
START GROUP
LOAD c:/program files (x86)/cypress/psoc creator/4.4/psoc creator/import/gnu/arm/5.4.1/bin/../lib/gcc/arm-none-eabi/5.4.1/armv7-m\libgcc.a
LOAD c:/program files (x86)/cypress/psoc creator/4.4/psoc creator/import/gnu/arm/5.4.1/bin/../lib/gcc/arm-none-eabi/5.4.1/../../../../arm-none-eabi/lib/armv7-m\libg_nano.a
LOAD c:/program files (x86)/cypress/psoc creator/4.4/psoc creator/import/gnu/arm/5.4.1/bin/../lib/gcc/arm-none-eabi/5.4.1/../../../../arm-none-eabi/lib/armv7-m\libc_nano.a
END GROUP
START GROUP
LOAD c:/program files (x86)/cypress/psoc creator/4.4/psoc creator/import/gnu/arm/5.4.1/bin/../lib/gcc/arm-none-eabi/5.4.1/armv7-m\libgcc.a
LOAD c:/program files (x86)/cypress/psoc creator/4.4/psoc creator/import/gnu/arm/5.4.1/bin/../lib/gcc/arm-none-eabi/5.4.1/../../../../arm-none-eabi/lib/armv7-m\libc_nano.a
END GROUP
LOAD c:/program files (x86)/cypress/psoc creator/4.4/psoc creator/import/gnu/arm/5.4.1/bin/../lib/gcc/arm-none-eabi/5.4.1/armv7-m/crtend.o
LOAD c:/program files (x86)/cypress/psoc creator/4.4/psoc creator/import/gnu/arm/5.4.1/bin/../lib/gcc/arm-none-eabi/5.4.1/armv7-m/crtn.o
START GROUP
LOAD c:/program files (x86)/cypress/psoc creator/4.4/psoc creator/import/gnu/arm/5.4.1/bin/../lib/gcc/arm-none-eabi/5.4.1/armv7-m\libgcc.a
LOAD c:/program files (x86)/cypress/psoc creator/4.4/psoc creator/import/gnu/arm/5.4.1/bin/../lib/gcc/arm-none-eabi/5.4.1/../../../../arm-none-eabi/lib/armv7-m\libc.a
LOAD c:/program files (x86)/cypress/psoc creator/4.4/psoc creator/import/gnu/arm/5.4.1/bin/../lib/gcc/arm-none-eabi/5.4.1/../../../../arm-none-eabi/lib/armv7-m\libnosys.a
END GROUP
                0x00000000                CY_APPL_ORIGIN = 0x0
                0x00000100                CY_FLASH_ROW_SIZE = 0x100
                0x00000020                CY_ECC_ROW_SIZE = 0x20
                0x00000000                CY_EE_IN_BTLDR = 0x0
                0x00000000                CY_APPL_LOADABLE = 0x0
                0x00000800                CY_EE_SIZE = 0x800
                0x00000001                CY_APPL_NUM = 0x1
                0x00000001                CY_APPL_MAX = 0x1
                0x00000040                CY_METADATA_SIZE = 0x40
                0x00000000                CY_APPL_LOADABLE = 0x0
                0x00000000                CY_CHECKSUM_EXCLUDE_SIZE = ALIGN (0x0, CY_FLASH_ROW_SIZE)
                [!provide]                PROVIDE (__cy_heap_start, _end)
                0x00000001                PROVIDE (__cy_region_num, ((__cy_regions_end - __cy_regions) / 0x10))
                0x20008000                PROVIDE (__cy_stack, (ORIGIN (ram) + LENGTH (ram)))
                [!provide]                PROVIDE (__cy_heap_end, (__cy_stack - 0x800))

.cybootloader   0x00000000        0x0
 *(.cybootloader)
                0x00000000                appl1_start = CY_APPL_ORIGIN?CY_APPL_ORIGIN:ALIGN (CY_FLASH_ROW_SIZE)
                0x0001ff00                appl2_start = (appl1_start + ALIGN ((((LENGTH (rom) - appl1_start) - (0x2 * CY_FLASH_ROW_SIZE)) / 0x2), CY_FLASH_ROW_SIZE))
                0x00000000                appl_start = (CY_APPL_NUM == 0x1)?appl1_start:appl2_start
                0x00000000                ecc_offset = ((appl_start / CY_FLASH_ROW_SIZE) * CY_ECC_ROW_SIZE)
                0x00000000                ee_offset = (CY_APPL_LOADABLE && ! (CY_EE_IN_BTLDR))?((CY_EE_SIZE / CY_APPL_MAX) * (CY_APPL_NUM - 0x1)):0x0
                0x00000800                ee_size = (CY_APPL_LOADABLE && ! (CY_EE_IN_BTLDR))?(CY_EE_SIZE / CY_APPL_MAX):CY_EE_SIZE
                [!provide]                PROVIDE (CY_ECC_OFFSET, ecc_offset)

.text           0x00000000     0x3784
 CREATE_OBJECT_SYMBOLS
                0x00000000                PROVIDE (__cy_interrupt_vector, RomVectors)
 *(.romvectors)
 .romvectors    0x00000000       0x10 .\CortexM3\ARM_GCC_541\Debug\Cm3Start.o
                0x00000000                RomVectors
                0x00000001                ASSERT ((. != __cy_interrupt_vector), No interrupt vector)
                0x00000001                ASSERT (CY_APPL_ORIGIN?(SIZEOF (.cybootloader) <= CY_APPL_ORIGIN):0x1, Wrong image location)
                0x00000010                PROVIDE (__cy_reset, Reset)
 *(.text.Reset)
 .text.Reset    0x00000010       0x18 .\CortexM3\ARM_GCC_541\Debug\Cm3Start.o
                0x00000010                Reset
                0x00000001                ASSERT ((. != __cy_reset), No reset code)
 *(.dma_init)
                0x00000001                ASSERT ((((appl_start + .) <= 0x10000) || 0x1), DMA Init must be within the first 64k of flash)
 *(.text .text.* .gnu.linkonce.t.*)
 .text          0x00000028       0x5c c:/program files (x86)/cypress/psoc creator/4.4/psoc creator/import/gnu/arm/5.4.1/bin/../lib/gcc/arm-none-eabi/5.4.1/armv7-m/crtbegin.o
 *fill*         0x00000084        0x4 
 .text.steer_inter
                0x00000088      0x148 .\CortexM3\ARM_GCC_541\Debug\main.o
                0x00000088                steer_inter
 .text.speed_inter
                0x000001d0      0x110 .\CortexM3\ARM_GCC_541\Debug\main.o
                0x000001d0                speed_inter
 .text.main     0x000002e0       0x40 .\CortexM3\ARM_GCC_541\Debug\main.o
                0x000002e0                main
 .text.CyClockStartupError
                0x00000320        0x4 .\CortexM3\ARM_GCC_541\Debug\cyfitter_cfg.o
 .text.cfg_write_bytes32
                0x00000324       0x34 .\CortexM3\ARM_GCC_541\Debug\cyfitter_cfg.o
 .text.AnalogSetDefault
                0x00000358       0x48 .\CortexM3\ARM_GCC_541\Debug\cyfitter_cfg.o
 .text.CYMEMZERO
                0x000003a0        0xc .\CortexM3\ARM_GCC_541\Debug\cyfitter_cfg.o
 .text.ClockSetup
                0x000003ac       0xdc .\CortexM3\ARM_GCC_541\Debug\cyfitter_cfg.o
 .text.CYCONFIGCPY
                0x00000488        0x8 .\CortexM3\ARM_GCC_541\Debug\cyfitter_cfg.o
 .text.cyfitter_cfg
                0x00000490      0x15c .\CortexM3\ARM_GCC_541\Debug\cyfitter_cfg.o
                0x00000490                cyfitter_cfg
 .text.IntDefaultHandler
                0x000005ec       0x10 .\CortexM3\ARM_GCC_541\Debug\Cm3Start.o
                0x000005ec                IntDefaultHandler
 .text._sbrk    0x000005fc       0x30 .\CortexM3\ARM_GCC_541\Debug\Cm3Start.o
                0x000005fc                _sbrk
 .text.Start_c  0x0000062c       0x4c .\CortexM3\ARM_GCC_541\Debug\Cm3Start.o
                0x0000062c                Start_c
 .text.initialize_psoc
                0x00000678       0x68 .\CortexM3\ARM_GCC_541\Debug\Cm3Start.o
                0x00000678                initialize_psoc
 .text.TIMER_Enable
                0x000006e0       0x10 .\CortexM3\ARM_GCC_541\Debug\Design01.a(TIMER.o)
                0x000006e0                TIMER_Enable
 .text.TIMER_SetInterruptMode
                0x000006f0        0xc .\CortexM3\ARM_GCC_541\Debug\Design01.a(TIMER.o)
                0x000006f0                TIMER_SetInterruptMode
 .text.TIMER_ReadStatusRegister
                0x000006fc        0xc .\CortexM3\ARM_GCC_541\Debug\Design01.a(TIMER.o)
                0x000006fc                TIMER_ReadStatusRegister
 .text.TIMER_WritePeriod
                0x00000708        0xc .\CortexM3\ARM_GCC_541\Debug\Design01.a(TIMER.o)
                0x00000708                TIMER_WritePeriod
 .text.TIMER_ReadCapture
                0x00000714        0xc .\CortexM3\ARM_GCC_541\Debug\Design01.a(TIMER.o)
                0x00000714                TIMER_ReadCapture
 .text.TIMER_WriteCounter
                0x00000720        0xc .\CortexM3\ARM_GCC_541\Debug\Design01.a(TIMER.o)
                0x00000720                TIMER_WriteCounter
 .text.TIMER_SetInterruptCount
                0x0000072c       0x1c .\CortexM3\ARM_GCC_541\Debug\Design01.a(TIMER.o)
                0x0000072c                TIMER_SetInterruptCount
 .text.TIMER_ClearFIFO
                0x00000748       0x14 .\CortexM3\ARM_GCC_541\Debug\Design01.a(TIMER.o)
                0x00000748                TIMER_ClearFIFO
 .text.TIMER_Init
                0x0000075c       0x3c .\CortexM3\ARM_GCC_541\Debug\Design01.a(TIMER.o)
                0x0000075c                TIMER_Init
 .text.TIMER_Start
                0x00000798       0x1c .\CortexM3\ARM_GCC_541\Debug\Design01.a(TIMER.o)
                0x00000798                TIMER_Start
 .text.PWM_Enable
                0x000007b4       0x10 .\CortexM3\ARM_GCC_541\Debug\Design01.a(PWM.o)
                0x000007b4                PWM_Enable
 .text.PWM_WriteCounter
                0x000007c4        0xc .\CortexM3\ARM_GCC_541\Debug\Design01.a(PWM.o)
                0x000007c4                PWM_WriteCounter
 .text.PWM_WritePeriod
                0x000007d0        0xc .\CortexM3\ARM_GCC_541\Debug\Design01.a(PWM.o)
                0x000007d0                PWM_WritePeriod
 .text.PWM_WriteCompare
                0x000007dc        0xc .\CortexM3\ARM_GCC_541\Debug\Design01.a(PWM.o)
                0x000007dc                PWM_WriteCompare
 .text.PWM_SetInterruptMode
                0x000007e8        0xc .\CortexM3\ARM_GCC_541\Debug\Design01.a(PWM.o)
                0x000007e8                PWM_SetInterruptMode
 .text.PWM_ReadStatusRegister
                0x000007f4        0xc .\CortexM3\ARM_GCC_541\Debug\Design01.a(PWM.o)
                0x000007f4                PWM_ReadStatusRegister
 .text.PWM_ReadCapture
                0x00000800        0xc .\CortexM3\ARM_GCC_541\Debug\Design01.a(PWM.o)
                0x00000800                PWM_ReadCapture
 .text.PWM_ClearFIFO
                0x0000080c       0x14 .\CortexM3\ARM_GCC_541\Debug\Design01.a(PWM.o)
                0x0000080c                PWM_ClearFIFO
 .text.PWM_Init
                0x00000820       0x50 .\CortexM3\ARM_GCC_541\Debug\Design01.a(PWM.o)
                0x00000820                PWM_Init
 .text.PWM_Start
                0x00000870       0x1c .\CortexM3\ARM_GCC_541\Debug\Design01.a(PWM.o)
                0x00000870                PWM_Start
 .text.HE_ISR_Interrupt
                0x0000088c        0x4 .\CortexM3\ARM_GCC_541\Debug\Design01.a(HE_ISR.o)
                0x0000088c                HE_ISR_Interrupt
 .text.HE_ISR_SetVector
                0x00000890        0xc .\CortexM3\ARM_GCC_541\Debug\Design01.a(HE_ISR.o)
                0x00000890                HE_ISR_SetVector
 .text.HE_ISR_SetPriority
                0x0000089c       0x10 .\CortexM3\ARM_GCC_541\Debug\Design01.a(HE_ISR.o)
                0x0000089c                HE_ISR_SetPriority
 .text.HE_ISR_Enable
                0x000008ac        0xc .\CortexM3\ARM_GCC_541\Debug\Design01.a(HE_ISR.o)
                0x000008ac                HE_ISR_Enable
 .text.HE_ISR_Disable
                0x000008b8        0xc .\CortexM3\ARM_GCC_541\Debug\Design01.a(HE_ISR.o)
                0x000008b8                HE_ISR_Disable
 .text.HE_ISR_Start
                0x000008c4       0x1c .\CortexM3\ARM_GCC_541\Debug\Design01.a(HE_ISR.o)
                0x000008c4                HE_ISR_Start
 .text.UART_Init
                0x000008e0       0x24 .\CortexM3\ARM_GCC_541\Debug\Design01.a(UART.o)
                0x000008e0                UART_Init
 .text.UART_Enable
                0x00000904       0x38 .\CortexM3\ARM_GCC_541\Debug\Design01.a(UART.o)
                0x00000904                UART_Enable
 .text.UART_Start
                0x0000093c       0x1c .\CortexM3\ARM_GCC_541\Debug\Design01.a(UART.o)
                0x0000093c                UART_Start
 .text.UART_PutChar
                0x00000958       0x18 .\CortexM3\ARM_GCC_541\Debug\Design01.a(UART.o)
                0x00000958                UART_PutChar
 .text.UART_PutString
                0x00000970       0x24 .\CortexM3\ARM_GCC_541\Debug\Design01.a(UART.o)
                0x00000970                UART_PutString
 .text.SERVO_PWM_Enable
                0x00000994       0x10 .\CortexM3\ARM_GCC_541\Debug\Design01.a(SERVO_PWM.o)
                0x00000994                SERVO_PWM_Enable
 .text.SERVO_PWM_WriteCounter
                0x000009a4        0xc .\CortexM3\ARM_GCC_541\Debug\Design01.a(SERVO_PWM.o)
                0x000009a4                SERVO_PWM_WriteCounter
 .text.SERVO_PWM_WritePeriod
                0x000009b0        0xc .\CortexM3\ARM_GCC_541\Debug\Design01.a(SERVO_PWM.o)
                0x000009b0                SERVO_PWM_WritePeriod
 .text.SERVO_PWM_WriteCompare
                0x000009bc        0xc .\CortexM3\ARM_GCC_541\Debug\Design01.a(SERVO_PWM.o)
                0x000009bc                SERVO_PWM_WriteCompare
 .text.SERVO_PWM_SetInterruptMode
                0x000009c8        0xc .\CortexM3\ARM_GCC_541\Debug\Design01.a(SERVO_PWM.o)
                0x000009c8                SERVO_PWM_SetInterruptMode
 .text.SERVO_PWM_ReadStatusRegister
                0x000009d4        0xc .\CortexM3\ARM_GCC_541\Debug\Design01.a(SERVO_PWM.o)
                0x000009d4                SERVO_PWM_ReadStatusRegister
 .text.SERVO_PWM_ReadCapture
                0x000009e0        0xc .\CortexM3\ARM_GCC_541\Debug\Design01.a(SERVO_PWM.o)
                0x000009e0                SERVO_PWM_ReadCapture
 .text.SERVO_PWM_ClearFIFO
                0x000009ec       0x14 .\CortexM3\ARM_GCC_541\Debug\Design01.a(SERVO_PWM.o)
                0x000009ec                SERVO_PWM_ClearFIFO
 .text.SERVO_PWM_Init
                0x00000a00       0x60 .\CortexM3\ARM_GCC_541\Debug\Design01.a(SERVO_PWM.o)
                0x00000a00                SERVO_PWM_Init
 .text.SERVO_PWM_Start
                0x00000a60       0x1c .\CortexM3\ARM_GCC_541\Debug\Design01.a(SERVO_PWM.o)
                0x00000a60                SERVO_PWM_Start
 .text.UART_IntClock_Start
                0x00000a7c       0x1c .\CortexM3\ARM_GCC_541\Debug\Design01.a(UART_IntClock.o)
                0x00000a7c                UART_IntClock_Start
 .text.COMP_Enable
                0x00000a98       0x1c .\CortexM3\ARM_GCC_541\Debug\Design01.a(COMP.o)
                0x00000a98                COMP_Enable
 .text.COMP_SetSpeed
                0x00000ab4       0x58 .\CortexM3\ARM_GCC_541\Debug\Design01.a(COMP.o)
                0x00000ab4                COMP_SetSpeed
 .text.COMP_Init
                0x00000b0c       0x3c .\CortexM3\ARM_GCC_541\Debug\Design01.a(COMP.o)
                0x00000b0c                COMP_Init
 .text.COMP_Start
                0x00000b48       0x1c .\CortexM3\ARM_GCC_541\Debug\Design01.a(COMP.o)
                0x00000b48                COMP_Start
 .text.VDAC_Enable
                0x00000b64       0x1c .\CortexM3\ARM_GCC_541\Debug\Design01.a(VDAC.o)
                0x00000b64                VDAC_Enable
 .text.VDAC_SetSpeed
                0x00000b80       0x1c .\CortexM3\ARM_GCC_541\Debug\Design01.a(VDAC.o)
                0x00000b80                VDAC_SetSpeed
 .text.VDAC_SetValue
                0x00000b9c        0xc .\CortexM3\ARM_GCC_541\Debug\Design01.a(VDAC.o)
                0x00000b9c                VDAC_SetValue
 .text.VDAC_DacTrim
                0x00000ba8       0x24 .\CortexM3\ARM_GCC_541\Debug\Design01.a(VDAC.o)
                0x00000ba8                VDAC_DacTrim
 .text.VDAC_SetRange
                0x00000bcc       0x20 .\CortexM3\ARM_GCC_541\Debug\Design01.a(VDAC.o)
                0x00000bcc                VDAC_SetRange
 .text.VDAC_Init
                0x00000bec       0x20 .\CortexM3\ARM_GCC_541\Debug\Design01.a(VDAC.o)
                0x00000bec                VDAC_Init
 .text.VDAC_Start
                0x00000c0c       0x24 .\CortexM3\ARM_GCC_541\Debug\Design01.a(VDAC.o)
                0x00000c0c                VDAC_Start
 .text.INT_SAMPLE_Interrupt
                0x00000c30        0x4 .\CortexM3\ARM_GCC_541\Debug\Design01.a(INT_SAMPLE.o)
                0x00000c30                INT_SAMPLE_Interrupt
 .text.INT_SAMPLE_SetVector
                0x00000c34        0xc .\CortexM3\ARM_GCC_541\Debug\Design01.a(INT_SAMPLE.o)
                0x00000c34                INT_SAMPLE_SetVector
 .text.INT_SAMPLE_SetPriority
                0x00000c40       0x10 .\CortexM3\ARM_GCC_541\Debug\Design01.a(INT_SAMPLE.o)
                0x00000c40                INT_SAMPLE_SetPriority
 .text.INT_SAMPLE_Enable
                0x00000c50        0xc .\CortexM3\ARM_GCC_541\Debug\Design01.a(INT_SAMPLE.o)
                0x00000c50                INT_SAMPLE_Enable
 .text.INT_SAMPLE_Disable
                0x00000c5c        0xc .\CortexM3\ARM_GCC_541\Debug\Design01.a(INT_SAMPLE.o)
                0x00000c5c                INT_SAMPLE_Disable
 .text.INT_SAMPLE_Start
                0x00000c68       0x1c .\CortexM3\ARM_GCC_541\Debug\Design01.a(INT_SAMPLE.o)
                0x00000c68                INT_SAMPLE_Start
 .text.VID_TIMER_Enable
                0x00000c84       0x10 .\CortexM3\ARM_GCC_541\Debug\Design01.a(VID_TIMER.o)
                0x00000c84                VID_TIMER_Enable
 .text.VID_TIMER_SetInterruptMode
                0x00000c94        0xc .\CortexM3\ARM_GCC_541\Debug\Design01.a(VID_TIMER.o)
                0x00000c94                VID_TIMER_SetInterruptMode
 .text.VID_TIMER_ReadStatusRegister
                0x00000ca0        0xc .\CortexM3\ARM_GCC_541\Debug\Design01.a(VID_TIMER.o)
                0x00000ca0                VID_TIMER_ReadStatusRegister
 .text.VID_TIMER_WritePeriod
                0x00000cac        0xc .\CortexM3\ARM_GCC_541\Debug\Design01.a(VID_TIMER.o)
                0x00000cac                VID_TIMER_WritePeriod
 .text.VID_TIMER_ReadCapture
                0x00000cb8        0xc .\CortexM3\ARM_GCC_541\Debug\Design01.a(VID_TIMER.o)
                0x00000cb8                VID_TIMER_ReadCapture
 .text.VID_TIMER_WriteCounter
                0x00000cc4        0xc .\CortexM3\ARM_GCC_541\Debug\Design01.a(VID_TIMER.o)
                0x00000cc4                VID_TIMER_WriteCounter
 .text.VID_TIMER_SetInterruptCount
                0x00000cd0       0x1c .\CortexM3\ARM_GCC_541\Debug\Design01.a(VID_TIMER.o)
                0x00000cd0                VID_TIMER_SetInterruptCount
 .text.VID_TIMER_ClearFIFO
                0x00000cec       0x14 .\CortexM3\ARM_GCC_541\Debug\Design01.a(VID_TIMER.o)
                0x00000cec                VID_TIMER_ClearFIFO
 .text.VID_TIMER_Init
                0x00000d00       0x3c .\CortexM3\ARM_GCC_541\Debug\Design01.a(VID_TIMER.o)
                0x00000d00                VID_TIMER_Init
 .text.VID_TIMER_Start
                0x00000d3c       0x1c .\CortexM3\ARM_GCC_541\Debug\Design01.a(VID_TIMER.o)
                0x00000d3c                VID_TIMER_Start
 .text          0x00000d58       0x20 .\CortexM3\ARM_GCC_541\Debug\Design01.a(CyBootAsmGnu.o)
                0x00000d58                CyDelayCycles
                0x00000d68                CyEnterCriticalSection
                0x00000d70                CyExitCriticalSection
 .text          0x00000d78      0x370 c:/program files (x86)/cypress/psoc creator/4.4/psoc creator/import/gnu/arm/5.4.1/bin/../lib/gcc/arm-none-eabi/5.4.1/armv7-m\libgcc.a(_arm_addsubdf3.o)
                0x00000d78                __aeabi_drsub
                0x00000d80                __aeabi_dsub
                0x00000d80                __subdf3
                0x00000d84                __aeabi_dadd
                0x00000d84                __adddf3
                0x00000ffc                __floatunsidf
                0x00000ffc                __aeabi_ui2d
                0x0000101c                __floatsidf
                0x0000101c                __aeabi_i2d
                0x00001040                __aeabi_f2d
                0x00001040                __extendsfdf2
                0x0000107c                __floatundidf
                0x0000107c                __aeabi_ul2d
                0x0000108c                __floatdidf
                0x0000108c                __aeabi_l2d
 .text          0x000010e8      0x424 c:/program files (x86)/cypress/psoc creator/4.4/psoc creator/import/gnu/arm/5.4.1/bin/../lib/gcc/arm-none-eabi/5.4.1/armv7-m\libgcc.a(_arm_muldivdf3.o)
                0x000010e8                __aeabi_dmul
                0x000010e8                __muldf3
                0x0000133c                __divdf3
                0x0000133c                __aeabi_ddiv
 .text          0x0000150c      0x110 c:/program files (x86)/cypress/psoc creator/4.4/psoc creator/import/gnu/arm/5.4.1/bin/../lib/gcc/arm-none-eabi/5.4.1/armv7-m\libgcc.a(_arm_cmpdf2.o)
                0x0000150c                __gtdf2
                0x0000150c                __gedf2
                0x00001514                __ltdf2
                0x00001514                __ledf2
                0x0000151c                __nedf2
                0x0000151c                __eqdf2
                0x0000151c                __cmpdf2
                0x00001598                __aeabi_cdrcmple
                0x000015a8                __aeabi_cdcmpeq
                0x000015a8                __aeabi_cdcmple
                0x000015b8                __aeabi_dcmpeq
                0x000015cc                __aeabi_dcmplt
                0x000015e0                __aeabi_dcmple
                0x000015f4                __aeabi_dcmpge
                0x00001608                __aeabi_dcmpgt
 .text          0x0000161c       0x40 c:/program files (x86)/cypress/psoc creator/4.4/psoc creator/import/gnu/arm/5.4.1/bin/../lib/gcc/arm-none-eabi/5.4.1/armv7-m\libgcc.a(_arm_fixunsdfsi.o)
                0x0000161c                __aeabi_d2uiz
                0x0000161c                __fixunsdfsi
 .text.__errno  0x0000165c        0xc c:/program files (x86)/cypress/psoc creator/4.4/psoc creator/import/gnu/arm/5.4.1/bin/../lib/gcc/arm-none-eabi/5.4.1/../../../../arm-none-eabi/lib/armv7-m\libg_nano.a(lib_a-errno.o)
                0x0000165c                __errno
 .text.__libc_init_array
                0x00001668       0x4c c:/program files (x86)/cypress/psoc creator/4.4/psoc creator/import/gnu/arm/5.4.1/bin/../lib/gcc/arm-none-eabi/5.4.1/../../../../arm-none-eabi/lib/armv7-m\libg_nano.a(lib_a-init.o)
                0x00001668                __libc_init_array
 .text.memcpy   0x000016b4       0x16 c:/program files (x86)/cypress/psoc creator/4.4/psoc creator/import/gnu/arm/5.4.1/bin/../lib/gcc/arm-none-eabi/5.4.1/../../../../arm-none-eabi/lib/armv7-m\libg_nano.a(lib_a-memcpy-stub.o)
                0x000016b4                memcpy
 .text.memset   0x000016ca       0x10 c:/program files (x86)/cypress/psoc creator/4.4/psoc creator/import/gnu/arm/5.4.1/bin/../lib/gcc/arm-none-eabi/5.4.1/../../../../arm-none-eabi/lib/armv7-m\libg_nano.a(lib_a-memset.o)
                0x000016ca                memset
 .text.__cvt    0x000016da       0xc0 c:/program files (x86)/cypress/psoc creator/4.4/psoc creator/import/gnu/arm/5.4.1/bin/../lib/gcc/arm-none-eabi/5.4.1/../../../../arm-none-eabi/lib/armv7-m\libg_nano.a(lib_a-nano-vfprintf_float.o)
                0x000016da                __cvt
 .text.__exponent
                0x0000179a       0x62 c:/program files (x86)/cypress/psoc creator/4.4/psoc creator/import/gnu/arm/5.4.1/bin/../lib/gcc/arm-none-eabi/5.4.1/../../../../arm-none-eabi/lib/armv7-m\libg_nano.a(lib_a-nano-vfprintf_float.o)
                0x0000179a                __exponent
 .text._printf_float
                0x000017fc      0x488 c:/program files (x86)/cypress/psoc creator/4.4/psoc creator/import/gnu/arm/5.4.1/bin/../lib/gcc/arm-none-eabi/5.4.1/../../../../arm-none-eabi/lib/armv7-m\libg_nano.a(lib_a-nano-vfprintf_float.o)
                0x000017fc                _printf_float
 .text._printf_common
                0x00001c84       0xec c:/program files (x86)/cypress/psoc creator/4.4/psoc creator/import/gnu/arm/5.4.1/bin/../lib/gcc/arm-none-eabi/5.4.1/../../../../arm-none-eabi/lib/armv7-m\libg_nano.a(lib_a-nano-vfprintf_i.o)
                0x00001c84                _printf_common
 .text._printf_i
                0x00001d70      0x24c c:/program files (x86)/cypress/psoc creator/4.4/psoc creator/import/gnu/arm/5.4.1/bin/../lib/gcc/arm-none-eabi/5.4.1/../../../../arm-none-eabi/lib/armv7-m\libg_nano.a(lib_a-nano-vfprintf_i.o)
                0x00001d70                _printf_i
 .text.sprintf  0x00001fbc       0x48 c:/program files (x86)/cypress/psoc creator/4.4/psoc creator/import/gnu/arm/5.4.1/bin/../lib/gcc/arm-none-eabi/5.4.1/../../../../arm-none-eabi/lib/armv7-m\libg_nano.a(lib_a-sprintf.o)
                0x00001fbc                siprintf
                0x00001fbc                sprintf
 .text          0x00002004       0x10 c:/program files (x86)/cypress/psoc creator/4.4/psoc creator/import/gnu/arm/5.4.1/bin/../lib/gcc/arm-none-eabi/5.4.1/../../../../arm-none-eabi/lib/armv7-m\libg_nano.a(lib_a-strlen.o)
                0x00002004                strlen
 .text.quorem   0x00002014      0x116 c:/program files (x86)/cypress/psoc creator/4.4/psoc creator/import/gnu/arm/5.4.1/bin/../lib/gcc/arm-none-eabi/5.4.1/../../../../arm-none-eabi/lib/armv7-m\libg_nano.a(lib_a-dtoa.o)
 *fill*         0x0000212a        0x6 
 .text._dtoa_r  0x00002130      0xb30 c:/program files (x86)/cypress/psoc creator/4.4/psoc creator/import/gnu/arm/5.4.1/bin/../lib/gcc/arm-none-eabi/5.4.1/../../../../arm-none-eabi/lib/armv7-m\libg_nano.a(lib_a-dtoa.o)
                0x00002130                _dtoa_r
 .text._localeconv_r
                0x00002c60        0x8 c:/program files (x86)/cypress/psoc creator/4.4/psoc creator/import/gnu/arm/5.4.1/bin/../lib/gcc/arm-none-eabi/5.4.1/../../../../arm-none-eabi/lib/armv7-m\libg_nano.a(lib_a-locale.o)
                0x00002c60                _localeconv_r
 .text.malloc   0x00002c68       0x10 c:/program files (x86)/cypress/psoc creator/4.4/psoc creator/import/gnu/arm/5.4.1/bin/../lib/gcc/arm-none-eabi/5.4.1/../../../../arm-none-eabi/lib/armv7-m\libg_nano.a(lib_a-malloc.o)
                0x00002c68                malloc
 .text.memchr   0x00002c78       0x1c c:/program files (x86)/cypress/psoc creator/4.4/psoc creator/import/gnu/arm/5.4.1/bin/../lib/gcc/arm-none-eabi/5.4.1/../../../../arm-none-eabi/lib/armv7-m\libg_nano.a(lib_a-memchr-stub.o)
                0x00002c78                memchr
 .text._Balloc  0x00002c94       0x6a c:/program files (x86)/cypress/psoc creator/4.4/psoc creator/import/gnu/arm/5.4.1/bin/../lib/gcc/arm-none-eabi/5.4.1/../../../../arm-none-eabi/lib/armv7-m\libg_nano.a(lib_a-mprec.o)
                0x00002c94                _Balloc
 .text._Bfree   0x00002cfe       0x2e c:/program files (x86)/cypress/psoc creator/4.4/psoc creator/import/gnu/arm/5.4.1/bin/../lib/gcc/arm-none-eabi/5.4.1/../../../../arm-none-eabi/lib/armv7-m\libg_nano.a(lib_a-mprec.o)
                0x00002cfe                _Bfree
 .text.__multadd
                0x00002d2c       0x76 c:/program files (x86)/cypress/psoc creator/4.4/psoc creator/import/gnu/arm/5.4.1/bin/../lib/gcc/arm-none-eabi/5.4.1/../../../../arm-none-eabi/lib/armv7-m\libg_nano.a(lib_a-mprec.o)
                0x00002d2c                __multadd
 .text.__hi0bits
                0x00002da2       0x40 c:/program files (x86)/cypress/psoc creator/4.4/psoc creator/import/gnu/arm/5.4.1/bin/../lib/gcc/arm-none-eabi/5.4.1/../../../../arm-none-eabi/lib/armv7-m\libg_nano.a(lib_a-mprec.o)
                0x00002da2                __hi0bits
 .text.__lo0bits
                0x00002de2       0x5a c:/program files (x86)/cypress/psoc creator/4.4/psoc creator/import/gnu/arm/5.4.1/bin/../lib/gcc/arm-none-eabi/5.4.1/../../../../arm-none-eabi/lib/armv7-m\libg_nano.a(lib_a-mprec.o)
                0x00002de2                __lo0bits
 .text.__i2b    0x00002e3c       0x12 c:/program files (x86)/cypress/psoc creator/4.4/psoc creator/import/gnu/arm/5.4.1/bin/../lib/gcc/arm-none-eabi/5.4.1/../../../../arm-none-eabi/lib/armv7-m\libg_nano.a(lib_a-mprec.o)
                0x00002e3c                __i2b
 .text.__multiply
                0x00002e4e      0x120 c:/program files (x86)/cypress/psoc creator/4.4/psoc creator/import/gnu/arm/5.4.1/bin/../lib/gcc/arm-none-eabi/5.4.1/../../../../arm-none-eabi/lib/armv7-m\libg_nano.a(lib_a-mprec.o)
                0x00002e4e                __multiply
 *fill*         0x00002f6e        0x2 
 .text.__pow5mult
                0x00002f70       0x9c c:/program files (x86)/cypress/psoc creator/4.4/psoc creator/import/gnu/arm/5.4.1/bin/../lib/gcc/arm-none-eabi/5.4.1/../../../../arm-none-eabi/lib/armv7-m\libg_nano.a(lib_a-mprec.o)
                0x00002f70                __pow5mult
 .text.__lshift
                0x0000300c       0xa2 c:/program files (x86)/cypress/psoc creator/4.4/psoc creator/import/gnu/arm/5.4.1/bin/../lib/gcc/arm-none-eabi/5.4.1/../../../../arm-none-eabi/lib/armv7-m\libg_nano.a(lib_a-mprec.o)
                0x0000300c                __lshift
 .text.__mcmp   0x000030ae       0x38 c:/program files (x86)/cypress/psoc creator/4.4/psoc creator/import/gnu/arm/5.4.1/bin/../lib/gcc/arm-none-eabi/5.4.1/../../../../arm-none-eabi/lib/armv7-m\libg_nano.a(lib_a-mprec.o)
                0x000030ae                __mcmp
 .text.__mdiff  0x000030e6       0xbe c:/program files (x86)/cypress/psoc creator/4.4/psoc creator/import/gnu/arm/5.4.1/bin/../lib/gcc/arm-none-eabi/5.4.1/../../../../arm-none-eabi/lib/armv7-m\libg_nano.a(lib_a-mprec.o)
                0x000030e6                __mdiff
 .text.__d2b    0x000031a4       0x9c c:/program files (x86)/cypress/psoc creator/4.4/psoc creator/import/gnu/arm/5.4.1/bin/../lib/gcc/arm-none-eabi/5.4.1/../../../../arm-none-eabi/lib/armv7-m\libg_nano.a(lib_a-mprec.o)
                0x000031a4                __d2b
 .text._calloc_r
                0x00003240       0x1c c:/program files (x86)/cypress/psoc creator/4.4/psoc creator/import/gnu/arm/5.4.1/bin/../lib/gcc/arm-none-eabi/5.4.1/../../../../arm-none-eabi/lib/armv7-m\libg_nano.a(lib_a-nano-callocr.o)
                0x00003240                _calloc_r
 .text._free_r  0x0000325c       0x98 c:/program files (x86)/cypress/psoc creator/4.4/psoc creator/import/gnu/arm/5.4.1/bin/../lib/gcc/arm-none-eabi/5.4.1/../../../../arm-none-eabi/lib/armv7-m\libg_nano.a(lib_a-nano-freer.o)
                0x0000325c                _free_r
 .text._malloc_r
                0x000032f4       0xbc c:/program files (x86)/cypress/psoc creator/4.4/psoc creator/import/gnu/arm/5.4.1/bin/../lib/gcc/arm-none-eabi/5.4.1/../../../../arm-none-eabi/lib/armv7-m\libg_nano.a(lib_a-nano-mallocr.o)
                0x000032f4                _malloc_r
 .text.__ssputs_r
                0x000033b0       0xb2 c:/program files (x86)/cypress/psoc creator/4.4/psoc creator/import/gnu/arm/5.4.1/bin/../lib/gcc/arm-none-eabi/5.4.1/../../../../arm-none-eabi/lib/armv7-m\libg_nano.a(lib_a-nano-svfprintf.o)
                0x000033b0                __ssputs_r
 *fill*         0x00003462        0x2 
 .text._svfprintf_r
                0x00003464      0x1e8 c:/program files (x86)/cypress/psoc creator/4.4/psoc creator/import/gnu/arm/5.4.1/bin/../lib/gcc/arm-none-eabi/5.4.1/../../../../arm-none-eabi/lib/armv7-m\libg_nano.a(lib_a-nano-svfprintf.o)
                0x00003464                _svfiprintf_r
                0x00003464                _svfprintf_r
 .text._sbrk_r  0x0000364c       0x20 c:/program files (x86)/cypress/psoc creator/4.4/psoc creator/import/gnu/arm/5.4.1/bin/../lib/gcc/arm-none-eabi/5.4.1/../../../../arm-none-eabi/lib/armv7-m\libg_nano.a(lib_a-sbrkr.o)
                0x0000364c                _sbrk_r
 .text.memmove  0x0000366c       0x36 c:/program files (x86)/cypress/psoc creator/4.4/psoc creator/import/gnu/arm/5.4.1/bin/../lib/gcc/arm-none-eabi/5.4.1/../../../../arm-none-eabi/lib/armv7-m\libg_nano.a(lib_a-memmove.o)
                0x0000366c                memmove
 .text.__malloc_lock
                0x000036a2        0x2 c:/program files (x86)/cypress/psoc creator/4.4/psoc creator/import/gnu/arm/5.4.1/bin/../lib/gcc/arm-none-eabi/5.4.1/../../../../arm-none-eabi/lib/armv7-m\libg_nano.a(lib_a-mlock.o)
                0x000036a2                __malloc_lock
 .text.__malloc_unlock
                0x000036a4        0x2 c:/program files (x86)/cypress/psoc creator/4.4/psoc creator/import/gnu/arm/5.4.1/bin/../lib/gcc/arm-none-eabi/5.4.1/../../../../arm-none-eabi/lib/armv7-m\libg_nano.a(lib_a-mlock.o)
                0x000036a4                __malloc_unlock
 .text._realloc_r
                0x000036a6       0x4c c:/program files (x86)/cypress/psoc creator/4.4/psoc creator/import/gnu/arm/5.4.1/bin/../lib/gcc/arm-none-eabi/5.4.1/../../../../arm-none-eabi/lib/armv7-m\libg_nano.a(lib_a-nano-reallocr.o)
                0x000036a6                _realloc_r
 .text._malloc_usable_size_r
                0x000036f2       0x14 c:/program files (x86)/cypress/psoc creator/4.4/psoc creator/import/gnu/arm/5.4.1/bin/../lib/gcc/arm-none-eabi/5.4.1/../../../../arm-none-eabi/lib/armv7-m\libg_nano.a(lib_a-nano-msizer.o)
                0x000036f2                _malloc_usable_size_r
 *fill*         0x00003706        0x2 
 .text          0x00003708       0x2c c:/program files (x86)/cypress/psoc creator/4.4/psoc creator/import/gnu/arm/5.4.1/bin/../lib/gcc/arm-none-eabi/5.4.1/armv7-m\libgcc.a(_arm_unorddf2.o)
                0x00003708                __unorddf2
                0x00003708                __aeabi_dcmpun
 .text          0x00003734       0x50 c:/program files (x86)/cypress/psoc creator/4.4/psoc creator/import/gnu/arm/5.4.1/bin/../lib/gcc/arm-none-eabi/5.4.1/armv7-m\libgcc.a(_arm_fixdfsi.o)
                0x00003734                __aeabi_d2iz
                0x00003734                __fixdfsi
 *(.plt)
 *(.gnu.warning)
 *(.glue_7t)
 .glue_7t       0x00003784        0x0 linker stubs
 *(.glue_7)
 .glue_7        0x00003784        0x0 linker stubs
 *(.vfp11_veneer)
 .vfp11_veneer  0x00003784        0x0 linker stubs
 *(.bootloader)
 *(.ARM.extab* .gnu.linkonce.armextab.*)
 *(.gcc_except_table)

.v4_bx          0x00003784        0x0
 .v4_bx         0x00003784        0x0 linker stubs

.iplt           0x00003784        0x0
 .iplt          0x00003784        0x0 c:/program files (x86)/cypress/psoc creator/4.4/psoc creator/import/gnu/arm/5.4.1/bin/../lib/gcc/arm-none-eabi/5.4.1/armv7-m/crtbegin.o

.eh_frame_hdr
 *(.eh_frame_hdr)

.eh_frame       0x00003784        0x4
 *(.eh_frame)
 .eh_frame      0x00003784        0x0 c:/program files (x86)/cypress/psoc creator/4.4/psoc creator/import/gnu/arm/5.4.1/bin/../lib/gcc/arm-none-eabi/5.4.1/armv7-m/crtbegin.o
 .eh_frame      0x00003784        0x4 c:/program files (x86)/cypress/psoc creator/4.4/psoc creator/import/gnu/arm/5.4.1/bin/../lib/gcc/arm-none-eabi/5.4.1/armv7-m/crtend.o
                [!provide]                PROVIDE (__exidx_start, .)

.ARM.exidx
 *(.ARM.exidx* .gnu.linkonce.armexidx.*)
                0x00003788                __exidx_end = .

.rodata         0x00003788      0x1e8
 *(.rodata .rodata.* .gnu.linkonce.r.*)
 .rodata.str1.4
                0x00003788       0x10 .\CortexM3\ARM_GCC_541\Debug\main.o
                                  0xe (size before relaxing)
 .rodata        0x00003798       0x42 .\CortexM3\ARM_GCC_541\Debug\cyfitter_cfg.o
 .rodata.str1.1
                0x000037da        0x2 c:/program files (x86)/cypress/psoc creator/4.4/psoc creator/import/gnu/arm/5.4.1/bin/../lib/gcc/arm-none-eabi/5.4.1/../../../../arm-none-eabi/lib/armv7-m\libg_nano.a(lib_a-impure.o)
 .rodata.str1.1
                0x000037dc       0x12 c:/program files (x86)/cypress/psoc creator/4.4/psoc creator/import/gnu/arm/5.4.1/bin/../lib/gcc/arm-none-eabi/5.4.1/../../../../arm-none-eabi/lib/armv7-m\libg_nano.a(lib_a-nano-vfprintf_float.o)
 .rodata.str1.1
                0x000037ee       0x22 c:/program files (x86)/cypress/psoc creator/4.4/psoc creator/import/gnu/arm/5.4.1/bin/../lib/gcc/arm-none-eabi/5.4.1/../../../../arm-none-eabi/lib/armv7-m\libg_nano.a(lib_a-nano-vfprintf_i.o)
 .rodata.str1.1
                0x00003810        0xd c:/program files (x86)/cypress/psoc creator/4.4/psoc creator/import/gnu/arm/5.4.1/bin/../lib/gcc/arm-none-eabi/5.4.1/../../../../arm-none-eabi/lib/armv7-m\libg_nano.a(lib_a-dtoa.o)
                                  0xf (size before relaxing)
 .rodata.str1.1
                0x0000381d        0x8 c:/program files (x86)/cypress/psoc creator/4.4/psoc creator/import/gnu/arm/5.4.1/bin/../lib/gcc/arm-none-eabi/5.4.1/../../../../arm-none-eabi/lib/armv7-m\libg_nano.a(lib_a-locale.o)
                                  0xb (size before relaxing)
 *fill*         0x00003825        0x3 
 .rodata.__mprec_tens
                0x00003828       0xc8 c:/program files (x86)/cypress/psoc creator/4.4/psoc creator/import/gnu/arm/5.4.1/bin/../lib/gcc/arm-none-eabi/5.4.1/../../../../arm-none-eabi/lib/armv7-m\libg_nano.a(lib_a-mprec.o)
                0x00003828                __mprec_tens
 .rodata.p05.5408
                0x000038f0        0xc c:/program files (x86)/cypress/psoc creator/4.4/psoc creator/import/gnu/arm/5.4.1/bin/../lib/gcc/arm-none-eabi/5.4.1/../../../../arm-none-eabi/lib/armv7-m\libg_nano.a(lib_a-mprec.o)
 *fill*         0x000038fc        0x4 
 .rodata.__mprec_bigtens
                0x00003900       0x28 c:/program files (x86)/cypress/psoc creator/4.4/psoc creator/import/gnu/arm/5.4.1/bin/../lib/gcc/arm-none-eabi/5.4.1/../../../../arm-none-eabi/lib/armv7-m\libg_nano.a(lib_a-mprec.o)
                0x00003900                __mprec_bigtens
 .rodata.str1.1
                0x00003928       0x11 c:/program files (x86)/cypress/psoc creator/4.4/psoc creator/import/gnu/arm/5.4.1/bin/../lib/gcc/arm-none-eabi/5.4.1/../../../../arm-none-eabi/lib/armv7-m\libg_nano.a(lib_a-nano-svfprintf.o)
                0x0000393c                . = ALIGN (0x4)
 *fill*         0x00003939        0x3 
 *(.init)
 .init          0x0000393c        0x4 c:/program files (x86)/cypress/psoc creator/4.4/psoc creator/import/gnu/arm/5.4.1/bin/../lib/gcc/arm-none-eabi/5.4.1/armv7-m/crti.o
                0x0000393c                _init
 .init          0x00003940        0x8 c:/program files (x86)/cypress/psoc creator/4.4/psoc creator/import/gnu/arm/5.4.1/bin/../lib/gcc/arm-none-eabi/5.4.1/armv7-m/crtn.o
                0x00003948                . = ALIGN (0x4)
                0x00003948                __preinit_array_start = .
 *(.preinit_array)
                0x00003948                __preinit_array_end = .
                0x00003948                . = ALIGN (0x4)
                0x00003948                __init_array_start = .
 *(SORT(.init_array.*))
 *(.init_array)
 .init_array    0x00003948        0x4 c:/program files (x86)/cypress/psoc creator/4.4/psoc creator/import/gnu/arm/5.4.1/bin/../lib/gcc/arm-none-eabi/5.4.1/armv7-m/crtbegin.o
 .init_array    0x0000394c        0x4 .\CortexM3\ARM_GCC_541\Debug\Cm3Start.o
                0x00003950                __init_array_end = .
                0x00003950                . = ALIGN (0x4)
 *(.fini)
 .fini          0x00003950        0x4 c:/program files (x86)/cypress/psoc creator/4.4/psoc creator/import/gnu/arm/5.4.1/bin/../lib/gcc/arm-none-eabi/5.4.1/armv7-m/crti.o
                0x00003950                _fini
 .fini          0x00003954        0x8 c:/program files (x86)/cypress/psoc creator/4.4/psoc creator/import/gnu/arm/5.4.1/bin/../lib/gcc/arm-none-eabi/5.4.1/armv7-m/crtn.o
                0x0000395c                . = ALIGN (0x4)
                0x0000395c                __fini_array_start = .
 *(.fini_array)
 .fini_array    0x0000395c        0x4 c:/program files (x86)/cypress/psoc creator/4.4/psoc creator/import/gnu/arm/5.4.1/bin/../lib/gcc/arm-none-eabi/5.4.1/armv7-m/crtbegin.o
 *(SORT(.fini_array.*))
                0x00003960                __fini_array_end = .
                0x00003960                . = ALIGN (0x4)
 *crtbegin.o(.ctors)
 *(EXCLUDE_FILE(*crtend.o) .ctors)
 *(SORT(.ctors.*))
 *crtend.o(.ctors)
                0x00003960                . = ALIGN (0x4)
 *crtbegin.o(.dtors)
 *(EXCLUDE_FILE(*crtend.o) .dtors)
 *(SORT(.dtors.*))
 *crtend.o(.dtors)
                0x00003960                . = ALIGN (0x4)
                0x00003960                __cy_regions = .
                0x00003960        0x4 LONG 0x3970 __cy_region_init_ram
                0x00003964        0x4 LONG 0x1fff80c8 __cy_region_start_data
                0x00003968        0x4 LONG 0xc8 __cy_region_init_size_ram
                0x0000396c        0x4 LONG 0xd0 __cy_region_zero_size_ram
                0x00003970                __cy_regions_end = .
                0x00003970                . = ALIGN (0x8)
                0x00003970                _etext = .

.cy_checksum_exclude
                0x00003970        0x0
 *(.cy_checksum_exclude)

.ramvectors     0x1fff8000       0xc0
                0x1fff8000                __cy_region_start_ram = .
 *(.ramvectors)
 .ramvectors    0x1fff8000       0xc0 .\CortexM3\ARM_GCC_541\Debug\Cm3Start.o
                0x1fff8000                CyRamVectors

.noinit         0x1fff80c0        0x1
 *(.noinit)
 .noinit        0x1fff80c0        0x1 .\CortexM3\ARM_GCC_541\Debug\Design01.a(CyLib.o)
                0x1fff80c0                CyResetStatus

.data           0x1fff80c8       0xc8 load address 0x00003970
                0x1fff80c8                __cy_region_start_data = .
 *(.jcr)
 .jcr           0x1fff80c8        0x0 c:/program files (x86)/cypress/psoc creator/4.4/psoc creator/import/gnu/arm/5.4.1/bin/../lib/gcc/arm-none-eabi/5.4.1/armv7-m/crtbegin.o
 .jcr           0x1fff80c8        0x4 c:/program files (x86)/cypress/psoc creator/4.4/psoc creator/import/gnu/arm/5.4.1/bin/../lib/gcc/arm-none-eabi/5.4.1/armv7-m/crtend.o
 *(.got.plt)
 *(.got)
 *(.shdata)
 *(.data .data.* .gnu.linkonce.d.*)
 *fill*         0x1fff80cc        0x4 
 .data          0x1fff80d0       0x20 .\CortexM3\ARM_GCC_541\Debug\main.o
                0x1fff80d0                Kd_steering
                0x1fff80d8                Kp_steering
                0x1fff80e0                old
                0x1fff80e8                PWM_base
 .data          0x1fff80f0        0x4 .\CortexM3\ARM_GCC_541\Debug\Cm3Start.o
 .data.impure_data
                0x1fff80f4       0x60 c:/program files (x86)/cypress/psoc creator/4.4/psoc creator/import/gnu/arm/5.4.1/bin/../lib/gcc/arm-none-eabi/5.4.1/../../../../arm-none-eabi/lib/armv7-m\libg_nano.a(lib_a-impure.o)
 .data._impure_ptr
                0x1fff8154        0x4 c:/program files (x86)/cypress/psoc creator/4.4/psoc creator/import/gnu/arm/5.4.1/bin/../lib/gcc/arm-none-eabi/5.4.1/../../../../arm-none-eabi/lib/armv7-m\libg_nano.a(lib_a-impure.o)
                0x1fff8154                _impure_ptr
 .data.lconv    0x1fff8158       0x38 c:/program files (x86)/cypress/psoc creator/4.4/psoc creator/import/gnu/arm/5.4.1/bin/../lib/gcc/arm-none-eabi/5.4.1/../../../../arm-none-eabi/lib/armv7-m\libg_nano.a(lib_a-locale.o)
                0x1fff8190                . = ALIGN (0x8)
 *(.ram)
                0x1fff8190                _edata = .

.igot.plt       0x1fff8190        0x0 load address 0x00003a38
 .igot.plt      0x1fff8190        0x0 c:/program files (x86)/cypress/psoc creator/4.4/psoc creator/import/gnu/arm/5.4.1/bin/../lib/gcc/arm-none-eabi/5.4.1/armv7-m/crtbegin.o

.bss            0x1fff8190       0xd0 load address 0x00003a38
                0x1fff8190                PROVIDE (__bss_start__, .)
 *(.shbss)
 *(.bss .bss.* .gnu.linkonce.b.*)
 .bss           0x1fff8190       0x1c c:/program files (x86)/cypress/psoc creator/4.4/psoc creator/import/gnu/arm/5.4.1/bin/../lib/gcc/arm-none-eabi/5.4.1/armv7-m/crtbegin.o
 *fill*         0x1fff81ac        0x4 
 .bss           0x1fff81b0       0x38 .\CortexM3\ARM_GCC_541\Debug\main.o
                0x1fff81b0                error_steering
                0x1fff81b8                prev_steering
                0x1fff81c0                steeringOutput
                0x1fff81c8                steeringPWM
                0x1fff81d0                speed
                0x1fff81d8                acc_err
                0x1fff81e0                error
 .bss           0x1fff81e8        0x1 .\CortexM3\ARM_GCC_541\Debug\Design01.a(TIMER.o)
                0x1fff81e8                TIMER_initVar
 .bss           0x1fff81e9        0x1 .\CortexM3\ARM_GCC_541\Debug\Design01.a(PWM.o)
                0x1fff81e9                PWM_initVar
 .bss           0x1fff81ea        0x2 .\CortexM3\ARM_GCC_541\Debug\Design01.a(UART.o)
                0x1fff81ea                UART_initVar
 .bss           0x1fff81ec        0x1 .\CortexM3\ARM_GCC_541\Debug\Design01.a(SERVO_PWM.o)
                0x1fff81ec                SERVO_PWM_initVar
 .bss           0x1fff81ed        0x1 .\CortexM3\ARM_GCC_541\Debug\Design01.a(COMP.o)
                0x1fff81ed                COMP_initVar
 .bss           0x1fff81ee        0x1 .\CortexM3\ARM_GCC_541\Debug\Design01.a(VDAC.o)
                0x1fff81ee                VDAC_initVar
 .bss           0x1fff81ef        0x1 .\CortexM3\ARM_GCC_541\Debug\Design01.a(VID_TIMER.o)
                0x1fff81ef                VID_TIMER_initVar
 .bss.__malloc_sbrk_start
                0x1fff81f0        0x4 c:/program files (x86)/cypress/psoc creator/4.4/psoc creator/import/gnu/arm/5.4.1/bin/../lib/gcc/arm-none-eabi/5.4.1/../../../../arm-none-eabi/lib/armv7-m\libg_nano.a(lib_a-nano-mallocr.o)
                0x1fff81f0                __malloc_sbrk_start
 .bss.__malloc_free_list
                0x1fff81f4        0x4 c:/program files (x86)/cypress/psoc creator/4.4/psoc creator/import/gnu/arm/5.4.1/bin/../lib/gcc/arm-none-eabi/5.4.1/../../../../arm-none-eabi/lib/armv7-m\libg_nano.a(lib_a-nano-mallocr.o)
                0x1fff81f4                __malloc_free_list
 *(COMMON)
 COMMON         0x1fff81f8       0x62 .\CortexM3\ARM_GCC_541\Debug\main.o
                0x1fff81f8                str_buf
                0x1fff8218                sampledTime
                0x1fff8220                new
                0x1fff8228                err
                0x1fff8230                pwm
                0x1fff8238                strbuf
                0x1fff8258                elapsed
 *fill*         0x1fff825a        0x2 
 COMMON         0x1fff825c        0x4 c:/program files (x86)/cypress/psoc creator/4.4/psoc creator/import/gnu/arm/5.4.1/bin/../lib/gcc/arm-none-eabi/5.4.1/../../../../arm-none-eabi/lib/armv7-m\libg_nano.a(lib_a-reent.o)
                0x1fff825c                errno
                0x1fff8260                . = ALIGN (0x8)
 *(.ram.b)
                0x1fff8260                _end = .
                0x1fff8260                __end = .
                0x1fff8260                PROVIDE (end, .)
                0x1fff8260                PROVIDE (__bss_end__, .)
                0x00003970                __cy_region_init_ram = LOADADDR (.data)
                0x000000c8                __cy_region_init_size_ram = (_edata - ADDR (.data))
                0x000000d0                __cy_region_zero_size_ram = (_end - _edata)

.heap           0x1fff8260     0x1000 load address 0x00003a38
                0x1fff8260                . = _end
                0x1fff9260                . = (. + 0x1000)
 *fill*         0x1fff8260     0x1000 
                0x1fff9260                __cy_heap_limit = .

.stack          0x20007800      0x800
                0x20007800                __cy_stack_limit = .
                0x20008000                . = (. + 0x800)
 *fill*         0x20007800      0x800 
                0x00000001                ASSERT ((__cy_stack_limit >= __cy_heap_limit), region RAM overflowed with stack)
                0x00000000                cy_checksum_exclude_size = (CY_APPL_LOADABLE == 0x1)?SIZEOF (.cy_checksum_exclude):0x0
                0x00000001                ASSERT ((cy_checksum_exclude_size <= CY_CHECKSUM_EXCLUDE_SIZE), CY_BOOT: Section .cy_checksum_exclude size exceedes specified limit.)

.cyloadermeta
 *(.cyloadermeta)

.cyloadablemeta
 *(.cyloadablemeta)

.cyconfigecc    0x80000000      0xa20
 *(.cyconfigecc)
 .cyconfigecc   0x80000000      0xa20 .\CortexM3\ARM_GCC_541\Debug\cymetadata.o
                0x80000000                cy_meta_configecc

.cycustnvl      0x90000000        0x4
 *(.cycustnvl)
 .cycustnvl     0x90000000        0x4 .\CortexM3\ARM_GCC_541\Debug\cymetadata.o
                0x90000000                cy_meta_custnvl

.cywolatch      0x90100000        0x4
 *(.cywolatch)
 .cywolatch     0x90100000        0x4 .\CortexM3\ARM_GCC_541\Debug\cymetadata.o
                0x90100000                cy_meta_wonvl

.cyeeprom       0x90200000        0x0
 *(.cyeeprom)
                0x00000001                ASSERT ((. <= ((0x90200000 + ee_offset) + ee_size)), .cyeeprom data will not fit in EEPROM)

.cyflashprotect
                0x90400000      0x100
 *(.cyflashprotect)
 .cyflashprotect
                0x90400000      0x100 .\CortexM3\ARM_GCC_541\Debug\cymetadata.o
                0x90400000                cy_meta_flashprotect

.cymeta         0x90500000        0xc
 *(.cymeta)
 .cymeta        0x90500000        0xc .\CortexM3\ARM_GCC_541\Debug\cymetadata.o
                0x90500000                cy_metadata

.rel.dyn        0x00003a38        0x0 load address 0x9050000c
 .rel.iplt      0x00003a38        0x0 c:/program files (x86)/cypress/psoc creator/4.4/psoc creator/import/gnu/arm/5.4.1/bin/../lib/gcc/arm-none-eabi/5.4.1/armv7-m/crtbegin.o

.stab
 *(.stab)

.stabstr
 *(.stabstr)

.debug
 *(.debug)

.line
 *(.line)

.debug_srcinfo
 *(.debug_srcinfo)

.debug_sfnames
 *(.debug_sfnames)

.debug_aranges  0x00000000      0xad0
 *(.debug_aranges)
 .debug_aranges
                0x00000000       0x30 .\CortexM3\ARM_GCC_541\Debug\main.o
 .debug_aranges
                0x00000030       0x58 .\CortexM3\ARM_GCC_541\Debug\cyfitter_cfg.o
 .debug_aranges
                0x00000088       0x18 .\CortexM3\ARM_GCC_541\Debug\cymetadata.o
 .debug_aranges
                0x000000a0       0x48 .\CortexM3\ARM_GCC_541\Debug\Cm3Start.o
 .debug_aranges
                0x000000e8       0x98 .\CortexM3\ARM_GCC_541\Debug\Design01.a(TIMER.o)
 .debug_aranges
                0x00000180       0x98 .\CortexM3\ARM_GCC_541\Debug\Design01.a(PWM.o)
 .debug_aranges
                0x00000218       0x80 .\CortexM3\ARM_GCC_541\Debug\Design01.a(HE_ISR.o)
 .debug_aranges
                0x00000298       0xf0 .\CortexM3\ARM_GCC_541\Debug\Design01.a(UART.o)
 .debug_aranges
                0x00000388       0x98 .\CortexM3\ARM_GCC_541\Debug\Design01.a(SERVO_PWM.o)
 .debug_aranges
                0x00000420       0x70 .\CortexM3\ARM_GCC_541\Debug\Design01.a(UART_IntClock.o)
 .debug_aranges
                0x00000490      0x2a0 .\CortexM3\ARM_GCC_541\Debug\Design01.a(CyLib.o)
 .debug_aranges
                0x00000730       0x98 .\CortexM3\ARM_GCC_541\Debug\Design01.a(cyPm.o)
 .debug_aranges
                0x000007c8       0x70 .\CortexM3\ARM_GCC_541\Debug\Design01.a(COMP.o)
 .debug_aranges
                0x00000838       0x58 .\CortexM3\ARM_GCC_541\Debug\Design01.a(VDAC.o)
 .debug_aranges
                0x00000890       0x80 .\CortexM3\ARM_GCC_541\Debug\Design01.a(INT_SAMPLE.o)
 .debug_aranges
                0x00000910       0x98 .\CortexM3\ARM_GCC_541\Debug\Design01.a(VID_TIMER.o)
 .debug_aranges
                0x000009a8       0x20 .\CortexM3\ARM_GCC_541\Debug\Design01.a(CyBootAsmGnu.o)
 .debug_aranges
                0x000009c8       0x88 .\CortexM3\ARM_GCC_541\Debug\Design01.a(CyFlash.o)
 .debug_aranges
                0x00000a50       0x80 .\CortexM3\ARM_GCC_541\Debug\Design01.a(CySpc.o)

.debug_pubnames
 *(.debug_pubnames)

.debug_info     0x00000000     0x587f
 *(.debug_info .gnu.linkonce.wi.*)
 .debug_info    0x00000000      0x3f4 .\CortexM3\ARM_GCC_541\Debug\main.o
 .debug_info    0x000003f4      0x615 .\CortexM3\ARM_GCC_541\Debug\cyfitter_cfg.o
 .debug_info    0x00000a09      0x139 .\CortexM3\ARM_GCC_541\Debug\cymetadata.o
 .debug_info    0x00000b42      0x3bb .\CortexM3\ARM_GCC_541\Debug\Cm3Start.o
 .debug_info    0x00000efd      0x328 .\CortexM3\ARM_GCC_541\Debug\Design01.a(TIMER.o)
 .debug_info    0x00001225      0x333 .\CortexM3\ARM_GCC_541\Debug\Design01.a(PWM.o)
 .debug_info    0x00001558      0x2d2 .\CortexM3\ARM_GCC_541\Debug\Design01.a(HE_ISR.o)
 .debug_info    0x0000182a      0x60c .\CortexM3\ARM_GCC_541\Debug\Design01.a(UART.o)
 .debug_info    0x00001e36      0x354 .\CortexM3\ARM_GCC_541\Debug\Design01.a(SERVO_PWM.o)
 .debug_info    0x0000218a      0x283 .\CortexM3\ARM_GCC_541\Debug\Design01.a(UART_IntClock.o)
 .debug_info    0x0000240d     0x1374 .\CortexM3\ARM_GCC_541\Debug\Design01.a(CyLib.o)
 .debug_info    0x00003781      0xa2a .\CortexM3\ARM_GCC_541\Debug\Design01.a(cyPm.o)
 .debug_info    0x000041ab      0x2c8 .\CortexM3\ARM_GCC_541\Debug\Design01.a(COMP.o)
 .debug_info    0x00004473      0x1de .\CortexM3\ARM_GCC_541\Debug\Design01.a(VDAC.o)
 .debug_info    0x00004651      0x2d2 .\CortexM3\ARM_GCC_541\Debug\Design01.a(INT_SAMPLE.o)
 .debug_info    0x00004923      0x328 .\CortexM3\ARM_GCC_541\Debug\Design01.a(VID_TIMER.o)
 .debug_info    0x00004c4b       0x97 .\CortexM3\ARM_GCC_541\Debug\Design01.a(CyBootAsmGnu.o)
 .debug_info    0x00004ce2      0x64d .\CortexM3\ARM_GCC_541\Debug\Design01.a(CyFlash.o)
 .debug_info    0x0000532f      0x550 .\CortexM3\ARM_GCC_541\Debug\Design01.a(CySpc.o)

.debug_abbrev   0x00000000     0x19a5
 *(.debug_abbrev)
 .debug_abbrev  0x00000000      0x118 .\CortexM3\ARM_GCC_541\Debug\main.o
 .debug_abbrev  0x00000118      0x20d .\CortexM3\ARM_GCC_541\Debug\cyfitter_cfg.o
 .debug_abbrev  0x00000325       0x77 .\CortexM3\ARM_GCC_541\Debug\cymetadata.o
 .debug_abbrev  0x0000039c      0x1e8 .\CortexM3\ARM_GCC_541\Debug\Cm3Start.o
 .debug_abbrev  0x00000584      0x13a .\CortexM3\ARM_GCC_541\Debug\Design01.a(TIMER.o)
 .debug_abbrev  0x000006be      0x133 .\CortexM3\ARM_GCC_541\Debug\Design01.a(PWM.o)
 .debug_abbrev  0x000007f1      0x173 .\CortexM3\ARM_GCC_541\Debug\Design01.a(HE_ISR.o)
 .debug_abbrev  0x00000964      0x175 .\CortexM3\ARM_GCC_541\Debug\Design01.a(UART.o)
 .debug_abbrev  0x00000ad9      0x133 .\CortexM3\ARM_GCC_541\Debug\Design01.a(SERVO_PWM.o)
 .debug_abbrev  0x00000c0c      0x139 .\CortexM3\ARM_GCC_541\Debug\Design01.a(UART_IntClock.o)
 .debug_abbrev  0x00000d45      0x254 .\CortexM3\ARM_GCC_541\Debug\Design01.a(CyLib.o)
 .debug_abbrev  0x00000f99      0x1ab .\CortexM3\ARM_GCC_541\Debug\Design01.a(cyPm.o)
 .debug_abbrev  0x00001144      0x16e .\CortexM3\ARM_GCC_541\Debug\Design01.a(COMP.o)
 .debug_abbrev  0x000012b2       0xf7 .\CortexM3\ARM_GCC_541\Debug\Design01.a(VDAC.o)
 .debug_abbrev  0x000013a9      0x173 .\CortexM3\ARM_GCC_541\Debug\Design01.a(INT_SAMPLE.o)
 .debug_abbrev  0x0000151c      0x13a .\CortexM3\ARM_GCC_541\Debug\Design01.a(VID_TIMER.o)
 .debug_abbrev  0x00001656       0x14 .\CortexM3\ARM_GCC_541\Debug\Design01.a(CyBootAsmGnu.o)
 .debug_abbrev  0x0000166a      0x1a7 .\CortexM3\ARM_GCC_541\Debug\Design01.a(CyFlash.o)
 .debug_abbrev  0x00001811      0x194 .\CortexM3\ARM_GCC_541\Debug\Design01.a(CySpc.o)

.debug_line     0x00000000     0x2777
 *(.debug_line)
 .debug_line    0x00000000      0x2a6 .\CortexM3\ARM_GCC_541\Debug\main.o
 .debug_line    0x000002a6      0x202 .\CortexM3\ARM_GCC_541\Debug\cyfitter_cfg.o
 .debug_line    0x000004a8      0x141 .\CortexM3\ARM_GCC_541\Debug\cymetadata.o
 .debug_line    0x000005e9      0x234 .\CortexM3\ARM_GCC_541\Debug\Cm3Start.o
 .debug_line    0x0000081d      0x182 .\CortexM3\ARM_GCC_541\Debug\Design01.a(TIMER.o)
 .debug_line    0x0000099f      0x183 .\CortexM3\ARM_GCC_541\Debug\Design01.a(PWM.o)
 .debug_line    0x00000b22      0x133 .\CortexM3\ARM_GCC_541\Debug\Design01.a(HE_ISR.o)
 .debug_line    0x00000c55      0x2bc .\CortexM3\ARM_GCC_541\Debug\Design01.a(UART.o)
 .debug_line    0x00000f11      0x18c .\CortexM3\ARM_GCC_541\Debug\Design01.a(SERVO_PWM.o)
 .debug_line    0x0000109d      0x17c .\CortexM3\ARM_GCC_541\Debug\Design01.a(UART_IntClock.o)
 .debug_line    0x00001219      0x816 .\CortexM3\ARM_GCC_541\Debug\Design01.a(CyLib.o)
 .debug_line    0x00001a2f      0x367 .\CortexM3\ARM_GCC_541\Debug\Design01.a(cyPm.o)
 .debug_line    0x00001d96      0x163 .\CortexM3\ARM_GCC_541\Debug\Design01.a(COMP.o)
 .debug_line    0x00001ef9       0xe1 .\CortexM3\ARM_GCC_541\Debug\Design01.a(VDAC.o)
 .debug_line    0x00001fda      0x137 .\CortexM3\ARM_GCC_541\Debug\Design01.a(INT_SAMPLE.o)
 .debug_line    0x00002111      0x186 .\CortexM3\ARM_GCC_541\Debug\Design01.a(VID_TIMER.o)
 .debug_line    0x00002297       0x66 .\CortexM3\ARM_GCC_541\Debug\Design01.a(CyBootAsmGnu.o)
 .debug_line    0x000022fd      0x21a .\CortexM3\ARM_GCC_541\Debug\Design01.a(CyFlash.o)
 .debug_line    0x00002517      0x260 .\CortexM3\ARM_GCC_541\Debug\Design01.a(CySpc.o)

.debug_frame    0x00000000     0x2248
 *(.debug_frame)
 .debug_frame   0x00000000       0x80 .\CortexM3\ARM_GCC_541\Debug\main.o
 .debug_frame   0x00000080       0xe4 .\CortexM3\ARM_GCC_541\Debug\cyfitter_cfg.o
 .debug_frame   0x00000164       0xb8 .\CortexM3\ARM_GCC_541\Debug\Cm3Start.o
 .debug_frame   0x0000021c      0x134 .\CortexM3\ARM_GCC_541\Debug\Design01.a(TIMER.o)
 .debug_frame   0x00000350      0x134 .\CortexM3\ARM_GCC_541\Debug\Design01.a(PWM.o)
 .debug_frame   0x00000484      0x104 .\CortexM3\ARM_GCC_541\Debug\Design01.a(HE_ISR.o)
 .debug_frame   0x00000588      0x250 .\CortexM3\ARM_GCC_541\Debug\Design01.a(UART.o)
 .debug_frame   0x000007d8      0x134 .\CortexM3\ARM_GCC_541\Debug\Design01.a(SERVO_PWM.o)
 .debug_frame   0x0000090c       0xe0 .\CortexM3\ARM_GCC_541\Debug\Design01.a(UART_IntClock.o)
 .debug_frame   0x000009ec      0x738 .\CortexM3\ARM_GCC_541\Debug\Design01.a(CyLib.o)
 .debug_frame   0x00001124      0x1f8 .\CortexM3\ARM_GCC_541\Debug\Design01.a(cyPm.o)
 .debug_frame   0x0000131c      0x108 .\CortexM3\ARM_GCC_541\Debug\Design01.a(COMP.o)
 .debug_frame   0x00001424       0xb4 .\CortexM3\ARM_GCC_541\Debug\Design01.a(VDAC.o)
 .debug_frame   0x000014d8      0x104 .\CortexM3\ARM_GCC_541\Debug\Design01.a(INT_SAMPLE.o)
 .debug_frame   0x000015dc      0x134 .\CortexM3\ARM_GCC_541\Debug\Design01.a(VID_TIMER.o)
 .debug_frame   0x00001710      0x194 .\CortexM3\ARM_GCC_541\Debug\Design01.a(CyFlash.o)
 .debug_frame   0x000018a4      0x180 .\CortexM3\ARM_GCC_541\Debug\Design01.a(CySpc.o)
 .debug_frame   0x00001a24       0x20 c:/program files (x86)/cypress/psoc creator/4.4/psoc creator/import/gnu/arm/5.4.1/bin/../lib/gcc/arm-none-eabi/5.4.1/../../../../arm-none-eabi/lib/armv7-m\libg_nano.a(lib_a-errno.o)
 .debug_frame   0x00001a44       0x28 c:/program files (x86)/cypress/psoc creator/4.4/psoc creator/import/gnu/arm/5.4.1/bin/../lib/gcc/arm-none-eabi/5.4.1/../../../../arm-none-eabi/lib/armv7-m\libg_nano.a(lib_a-exit.o)
 .debug_frame   0x00001a6c       0x2c c:/program files (x86)/cypress/psoc creator/4.4/psoc creator/import/gnu/arm/5.4.1/bin/../lib/gcc/arm-none-eabi/5.4.1/../../../../arm-none-eabi/lib/armv7-m\libg_nano.a(lib_a-init.o)
 .debug_frame   0x00001a98       0x28 c:/program files (x86)/cypress/psoc creator/4.4/psoc creator/import/gnu/arm/5.4.1/bin/../lib/gcc/arm-none-eabi/5.4.1/../../../../arm-none-eabi/lib/armv7-m\libg_nano.a(lib_a-memcpy-stub.o)
 .debug_frame   0x00001ac0       0x20 c:/program files (x86)/cypress/psoc creator/4.4/psoc creator/import/gnu/arm/5.4.1/bin/../lib/gcc/arm-none-eabi/5.4.1/../../../../arm-none-eabi/lib/armv7-m\libg_nano.a(lib_a-memset.o)
 .debug_frame   0x00001ae0       0x8c c:/program files (x86)/cypress/psoc creator/4.4/psoc creator/import/gnu/arm/5.4.1/bin/../lib/gcc/arm-none-eabi/5.4.1/../../../../arm-none-eabi/lib/armv7-m\libg_nano.a(lib_a-nano-vfprintf_float.o)
 .debug_frame   0x00001b6c       0x60 c:/program files (x86)/cypress/psoc creator/4.4/psoc creator/import/gnu/arm/5.4.1/bin/../lib/gcc/arm-none-eabi/5.4.1/../../../../arm-none-eabi/lib/armv7-m\libg_nano.a(lib_a-nano-vfprintf_i.o)
 .debug_frame   0x00001bcc       0x70 c:/program files (x86)/cypress/psoc creator/4.4/psoc creator/import/gnu/arm/5.4.1/bin/../lib/gcc/arm-none-eabi/5.4.1/../../../../arm-none-eabi/lib/armv7-m\libg_nano.a(lib_a-sprintf.o)
 .debug_frame   0x00001c3c       0x6c c:/program files (x86)/cypress/psoc creator/4.4/psoc creator/import/gnu/arm/5.4.1/bin/../lib/gcc/arm-none-eabi/5.4.1/../../../../arm-none-eabi/lib/armv7-m\libg_nano.a(lib_a-dtoa.o)
 .debug_frame   0x00001ca8       0x98 c:/program files (x86)/cypress/psoc creator/4.4/psoc creator/import/gnu/arm/5.4.1/bin/../lib/gcc/arm-none-eabi/5.4.1/../../../../arm-none-eabi/lib/armv7-m\libg_nano.a(lib_a-locale.o)
 .debug_frame   0x00001d40       0x30 c:/program files (x86)/cypress/psoc creator/4.4/psoc creator/import/gnu/arm/5.4.1/bin/../lib/gcc/arm-none-eabi/5.4.1/../../../../arm-none-eabi/lib/armv7-m\libg_nano.a(lib_a-malloc.o)
 .debug_frame   0x00001d70       0x28 c:/program files (x86)/cypress/psoc creator/4.4/psoc creator/import/gnu/arm/5.4.1/bin/../lib/gcc/arm-none-eabi/5.4.1/../../../../arm-none-eabi/lib/armv7-m\libg_nano.a(lib_a-memchr-stub.o)
 .debug_frame   0x00001d98      0x234 c:/program files (x86)/cypress/psoc creator/4.4/psoc creator/import/gnu/arm/5.4.1/bin/../lib/gcc/arm-none-eabi/5.4.1/../../../../arm-none-eabi/lib/armv7-m\libg_nano.a(lib_a-mprec.o)
 .debug_frame   0x00001fcc       0x2c c:/program files (x86)/cypress/psoc creator/4.4/psoc creator/import/gnu/arm/5.4.1/bin/../lib/gcc/arm-none-eabi/5.4.1/../../../../arm-none-eabi/lib/armv7-m\libg_nano.a(lib_a-nano-callocr.o)
 .debug_frame   0x00001ff8       0x38 c:/program files (x86)/cypress/psoc creator/4.4/psoc creator/import/gnu/arm/5.4.1/bin/../lib/gcc/arm-none-eabi/5.4.1/../../../../arm-none-eabi/lib/armv7-m\libg_nano.a(lib_a-nano-freer.o)
 .debug_frame   0x00002030       0x2c c:/program files (x86)/cypress/psoc creator/4.4/psoc creator/import/gnu/arm/5.4.1/bin/../lib/gcc/arm-none-eabi/5.4.1/../../../../arm-none-eabi/lib/armv7-m\libg_nano.a(lib_a-nano-mallocr.o)
 .debug_frame   0x0000205c       0x90 c:/program files (x86)/cypress/psoc creator/4.4/psoc creator/import/gnu/arm/5.4.1/bin/../lib/gcc/arm-none-eabi/5.4.1/../../../../arm-none-eabi/lib/armv7-m\libg_nano.a(lib_a-nano-svfprintf.o)
 .debug_frame   0x000020ec       0x2c c:/program files (x86)/cypress/psoc creator/4.4/psoc creator/import/gnu/arm/5.4.1/bin/../lib/gcc/arm-none-eabi/5.4.1/../../../../arm-none-eabi/lib/armv7-m\libg_nano.a(lib_a-sbrkr.o)
 .debug_frame   0x00002118       0x20 c:/program files (x86)/cypress/psoc creator/4.4/psoc creator/import/gnu/arm/5.4.1/bin/../lib/gcc/arm-none-eabi/5.4.1/../../../../arm-none-eabi/lib/armv7-m\libg_nano.a(lib_a-strcmp.o)
 .debug_frame   0x00002138       0x28 c:/program files (x86)/cypress/psoc creator/4.4/psoc creator/import/gnu/arm/5.4.1/bin/../lib/gcc/arm-none-eabi/5.4.1/../../../../arm-none-eabi/lib/armv7-m\libg_nano.a(lib_a-memmove.o)
 .debug_frame   0x00002160       0x30 c:/program files (x86)/cypress/psoc creator/4.4/psoc creator/import/gnu/arm/5.4.1/bin/../lib/gcc/arm-none-eabi/5.4.1/../../../../arm-none-eabi/lib/armv7-m\libg_nano.a(lib_a-mlock.o)
 .debug_frame   0x00002190       0x3c c:/program files (x86)/cypress/psoc creator/4.4/psoc creator/import/gnu/arm/5.4.1/bin/../lib/gcc/arm-none-eabi/5.4.1/../../../../arm-none-eabi/lib/armv7-m\libg_nano.a(lib_a-nano-reallocr.o)
 .debug_frame   0x000021cc       0x5c c:/program files (x86)/cypress/psoc creator/4.4/psoc creator/import/gnu/arm/5.4.1/bin/../lib/gcc/arm-none-eabi/5.4.1/../../../../arm-none-eabi/lib/armv7-m\libg_nano.a(lib_a-reent.o)
 .debug_frame   0x00002228       0x20 c:/program files (x86)/cypress/psoc creator/4.4/psoc creator/import/gnu/arm/5.4.1/bin/../lib/gcc/arm-none-eabi/5.4.1/../../../../arm-none-eabi/lib/armv7-m\libg_nano.a(lib_a-nano-msizer.o)

.debug_str      0x00000000     0x1f89
 *(.debug_str)
 .debug_str     0x00000000      0x2e3 .\CortexM3\ARM_GCC_541\Debug\main.o
                                0x383 (size before relaxing)
 .debug_str     0x000002e3      0x1bb .\CortexM3\ARM_GCC_541\Debug\cyfitter_cfg.o
                                0x351 (size before relaxing)
 .debug_str     0x0000049e       0x7f .\CortexM3\ARM_GCC_541\Debug\cymetadata.o
                                0x1eb (size before relaxing)
 .debug_str     0x0000051d      0x13e .\CortexM3\ARM_GCC_541\Debug\Cm3Start.o
                                0x311 (size before relaxing)
 .debug_str     0x0000065b       0x80 .\CortexM3\ARM_GCC_541\Debug\Design01.a(TIMER.o)
                                0x369 (size before relaxing)
 .debug_str     0x000006db       0x31 .\CortexM3\ARM_GCC_541\Debug\Design01.a(PWM.o)
                                0x332 (size before relaxing)
 .debug_str     0x0000070c       0xee .\CortexM3\ARM_GCC_541\Debug\Design01.a(HE_ISR.o)
                                0x2bb (size before relaxing)
 .debug_str     0x000007fa      0x285 .\CortexM3\ARM_GCC_541\Debug\Design01.a(UART.o)
                                0x47c (size before relaxing)
 .debug_str     0x00000a7f      0x18a .\CortexM3\ARM_GCC_541\Debug\Design01.a(SERVO_PWM.o)
                                0x3b1 (size before relaxing)
 .debug_str     0x00000c09      0x189 .\CortexM3\ARM_GCC_541\Debug\Design01.a(UART_IntClock.o)
                                0x33d (size before relaxing)
 .debug_str     0x00000d92      0x7fa .\CortexM3\ARM_GCC_541\Debug\Design01.a(CyLib.o)
                                0xa4e (size before relaxing)
 .debug_str     0x0000158c      0x365 .\CortexM3\ARM_GCC_541\Debug\Design01.a(cyPm.o)
                                0x73a (size before relaxing)
 .debug_str     0x000018f1      0x10f .\CortexM3\ARM_GCC_541\Debug\Design01.a(COMP.o)
                                0x2c5 (size before relaxing)
 .debug_str     0x00001a00       0x88 .\CortexM3\ARM_GCC_541\Debug\Design01.a(VDAC.o)
                                0x21c (size before relaxing)
 .debug_str     0x00001a88      0x106 .\CortexM3\ARM_GCC_541\Debug\Design01.a(INT_SAMPLE.o)
                                0x2f3 (size before relaxing)
 .debug_str     0x00001b8e      0x194 .\CortexM3\ARM_GCC_541\Debug\Design01.a(VID_TIMER.o)
                                0x3b5 (size before relaxing)
 .debug_str     0x00001d22      0x1bb .\CortexM3\ARM_GCC_541\Debug\Design01.a(CyFlash.o)
                                0x3c7 (size before relaxing)
 .debug_str     0x00001edd       0xac .\CortexM3\ARM_GCC_541\Debug\Design01.a(CySpc.o)
                                0x33f (size before relaxing)

.debug_loc      0x00000000     0x20a2
 *(.debug_loc)
 .debug_loc     0x00000000       0x18 .\CortexM3\ARM_GCC_541\Debug\main.o
 .debug_loc     0x00000018      0x25a .\CortexM3\ARM_GCC_541\Debug\cyfitter_cfg.o
 .debug_loc     0x00000272      0x144 .\CortexM3\ARM_GCC_541\Debug\Cm3Start.o
 .debug_loc     0x000003b6       0x31 .\CortexM3\ARM_GCC_541\Debug\Design01.a(TIMER.o)
 .debug_loc     0x000003e7       0x26 .\CortexM3\ARM_GCC_541\Debug\Design01.a(PWM.o)
 .debug_loc     0x0000040d       0x56 .\CortexM3\ARM_GCC_541\Debug\Design01.a(HE_ISR.o)
 .debug_loc     0x00000463      0x258 .\CortexM3\ARM_GCC_541\Debug\Design01.a(UART.o)
 .debug_loc     0x000006bb       0x26 .\CortexM3\ARM_GCC_541\Debug\Design01.a(SERVO_PWM.o)
 .debug_loc     0x000006e1      0x128 .\CortexM3\ARM_GCC_541\Debug\Design01.a(UART_IntClock.o)
 .debug_loc     0x00000809      0xa11 .\CortexM3\ARM_GCC_541\Debug\Design01.a(CyLib.o)
 .debug_loc     0x0000121a      0x1e4 .\CortexM3\ARM_GCC_541\Debug\Design01.a(cyPm.o)
 .debug_loc     0x000013fe       0xed .\CortexM3\ARM_GCC_541\Debug\Design01.a(COMP.o)
 .debug_loc     0x000014eb       0x79 .\CortexM3\ARM_GCC_541\Debug\Design01.a(VDAC.o)
 .debug_loc     0x00001564       0x56 .\CortexM3\ARM_GCC_541\Debug\Design01.a(INT_SAMPLE.o)
 .debug_loc     0x000015ba       0x31 .\CortexM3\ARM_GCC_541\Debug\Design01.a(VID_TIMER.o)
 .debug_loc     0x000015eb      0x3b2 .\CortexM3\ARM_GCC_541\Debug\Design01.a(CyFlash.o)
 .debug_loc     0x0000199d      0x705 .\CortexM3\ARM_GCC_541\Debug\Design01.a(CySpc.o)

.debug_macinfo
 *(.debug_macinfo)

.debug_ranges   0x00000000      0x988
 *(.debug_ranges)
 .debug_ranges  0x00000000       0x20 .\CortexM3\ARM_GCC_541\Debug\main.o
 .debug_ranges  0x00000020       0x48 .\CortexM3\ARM_GCC_541\Debug\cyfitter_cfg.o
 .debug_ranges  0x00000068       0x38 .\CortexM3\ARM_GCC_541\Debug\Cm3Start.o
 .debug_ranges  0x000000a0       0x88 .\CortexM3\ARM_GCC_541\Debug\Design01.a(TIMER.o)
 .debug_ranges  0x00000128       0x88 .\CortexM3\ARM_GCC_541\Debug\Design01.a(PWM.o)
 .debug_ranges  0x000001b0       0x70 .\CortexM3\ARM_GCC_541\Debug\Design01.a(HE_ISR.o)
 .debug_ranges  0x00000220       0xe0 .\CortexM3\ARM_GCC_541\Debug\Design01.a(UART.o)
 .debug_ranges  0x00000300       0x88 .\CortexM3\ARM_GCC_541\Debug\Design01.a(SERVO_PWM.o)
 .debug_ranges  0x00000388       0x60 .\CortexM3\ARM_GCC_541\Debug\Design01.a(UART_IntClock.o)
 .debug_ranges  0x000003e8      0x290 .\CortexM3\ARM_GCC_541\Debug\Design01.a(CyLib.o)
 .debug_ranges  0x00000678       0x88 .\CortexM3\ARM_GCC_541\Debug\Design01.a(cyPm.o)
 .debug_ranges  0x00000700       0x60 .\CortexM3\ARM_GCC_541\Debug\Design01.a(COMP.o)
 .debug_ranges  0x00000760       0x48 .\CortexM3\ARM_GCC_541\Debug\Design01.a(VDAC.o)
 .debug_ranges  0x000007a8       0x70 .\CortexM3\ARM_GCC_541\Debug\Design01.a(INT_SAMPLE.o)
 .debug_ranges  0x00000818       0x88 .\CortexM3\ARM_GCC_541\Debug\Design01.a(VID_TIMER.o)
 .debug_ranges  0x000008a0       0x78 .\CortexM3\ARM_GCC_541\Debug\Design01.a(CyFlash.o)
 .debug_ranges  0x00000918       0x70 .\CortexM3\ARM_GCC_541\Debug\Design01.a(CySpc.o)

.comment        0x00000000       0x6e
 .comment       0x00000000       0x6e .\CortexM3\ARM_GCC_541\Debug\main.o
                                 0x6f (size before relaxing)
 .comment       0x0000006e       0x6f .\CortexM3\ARM_GCC_541\Debug\cyfitter_cfg.o
 .comment       0x0000006e       0x6f .\CortexM3\ARM_GCC_541\Debug\cymetadata.o
 .comment       0x0000006e       0x6f .\CortexM3\ARM_GCC_541\Debug\Cm3Start.o
 .comment       0x0000006e       0x6f .\CortexM3\ARM_GCC_541\Debug\Design01.a(TIMER.o)
 .comment       0x0000006e       0x6f .\CortexM3\ARM_GCC_541\Debug\Design01.a(PWM.o)
 .comment       0x0000006e       0x6f .\CortexM3\ARM_GCC_541\Debug\Design01.a(HE_ISR.o)
 .comment       0x0000006e       0x6f .\CortexM3\ARM_GCC_541\Debug\Design01.a(UART.o)
 .comment       0x0000006e       0x6f .\CortexM3\ARM_GCC_541\Debug\Design01.a(SERVO_PWM.o)
 .comment       0x0000006e       0x6f .\CortexM3\ARM_GCC_541\Debug\Design01.a(UART_IntClock.o)
 .comment       0x0000006e       0x6f .\CortexM3\ARM_GCC_541\Debug\Design01.a(CyLib.o)
 .comment       0x0000006e       0x6f .\CortexM3\ARM_GCC_541\Debug\Design01.a(cyPm.o)
 .comment       0x0000006e       0x6f .\CortexM3\ARM_GCC_541\Debug\Design01.a(COMP.o)
 .comment       0x0000006e       0x6f .\CortexM3\ARM_GCC_541\Debug\Design01.a(VDAC.o)
 .comment       0x0000006e       0x6f .\CortexM3\ARM_GCC_541\Debug\Design01.a(INT_SAMPLE.o)
 .comment       0x0000006e       0x6f .\CortexM3\ARM_GCC_541\Debug\Design01.a(VID_TIMER.o)
 .comment       0x0000006e       0x6f .\CortexM3\ARM_GCC_541\Debug\Design01.a(CyFlash.o)
 .comment       0x0000006e       0x6f .\CortexM3\ARM_GCC_541\Debug\Design01.a(CySpc.o)

.debug_weaknames
 *(.debug_weaknames)

.debug_funcnames
 *(.debug_funcnames)

.debug_typenames
 *(.debug_typenames)

.debug_varnames
 *(.debug_varnames)

.note.gnu.arm.ident
 *(.note.gnu.arm.ident)

.ARM.attributes
                0x00000000       0x29
 *(.ARM.attributes)
 .ARM.attributes
                0x00000000       0x1d c:/program files (x86)/cypress/psoc creator/4.4/psoc creator/import/gnu/arm/5.4.1/bin/../lib/gcc/arm-none-eabi/5.4.1/armv7-m/crti.o
 .ARM.attributes
                0x0000001d       0x2d c:/program files (x86)/cypress/psoc creator/4.4/psoc creator/import/gnu/arm/5.4.1/bin/../lib/gcc/arm-none-eabi/5.4.1/armv7-m/crtbegin.o
 .ARM.attributes
                0x0000004a       0x1b c:/program files (x86)/cypress/psoc creator/4.4/psoc creator/import/gnu/arm/5.4.1/bin/../lib/gcc/arm-none-eabi/5.4.1/../../../../arm-none-eabi/lib/armv7-m/crt0.o
 .ARM.attributes
                0x00000065       0x33 .\CortexM3\ARM_GCC_541\Debug\main.o
 .ARM.attributes
                0x00000098       0x33 .\CortexM3\ARM_GCC_541\Debug\cyfitter_cfg.o
 .ARM.attributes
                0x000000cb       0x33 .\CortexM3\ARM_GCC_541\Debug\cymetadata.o
 .ARM.attributes
                0x000000fe       0x33 .\CortexM3\ARM_GCC_541\Debug\Cm3Start.o
 .ARM.attributes
                0x00000131       0x33 .\CortexM3\ARM_GCC_541\Debug\Design01.a(TIMER.o)
 .ARM.attributes
                0x00000164       0x33 .\CortexM3\ARM_GCC_541\Debug\Design01.a(PWM.o)
 .ARM.attributes
                0x00000197       0x33 .\CortexM3\ARM_GCC_541\Debug\Design01.a(HE_ISR.o)
 .ARM.attributes
                0x000001ca       0x33 .\CortexM3\ARM_GCC_541\Debug\Design01.a(UART.o)
 .ARM.attributes
                0x000001fd       0x33 .\CortexM3\ARM_GCC_541\Debug\Design01.a(SERVO_PWM.o)
 .ARM.attributes
                0x00000230       0x33 .\CortexM3\ARM_GCC_541\Debug\Design01.a(UART_IntClock.o)
 .ARM.attributes
                0x00000263       0x33 .\CortexM3\ARM_GCC_541\Debug\Design01.a(CyLib.o)
 .ARM.attributes
                0x00000296       0x33 .\CortexM3\ARM_GCC_541\Debug\Design01.a(cyPm.o)
 .ARM.attributes
                0x000002c9       0x33 .\CortexM3\ARM_GCC_541\Debug\Design01.a(COMP.o)
 .ARM.attributes
                0x000002fc       0x33 .\CortexM3\ARM_GCC_541\Debug\Design01.a(VDAC.o)
 .ARM.attributes
                0x0000032f       0x33 .\CortexM3\ARM_GCC_541\Debug\Design01.a(INT_SAMPLE.o)
 .ARM.attributes
                0x00000362       0x33 .\CortexM3\ARM_GCC_541\Debug\Design01.a(VID_TIMER.o)
 .ARM.attributes
                0x00000395       0x21 .\CortexM3\ARM_GCC_541\Debug\Design01.a(CyBootAsmGnu.o)
 .ARM.attributes
                0x000003b6       0x33 .\CortexM3\ARM_GCC_541\Debug\Design01.a(CyFlash.o)
 .ARM.attributes
                0x000003e9       0x33 .\CortexM3\ARM_GCC_541\Debug\Design01.a(CySpc.o)
 .ARM.attributes
                0x0000041c       0x1d c:/program files (x86)/cypress/psoc creator/4.4/psoc creator/import/gnu/arm/5.4.1/bin/../lib/gcc/arm-none-eabi/5.4.1/armv7-m\libgcc.a(_arm_addsubdf3.o)
 .ARM.attributes
                0x00000439       0x1d c:/program files (x86)/cypress/psoc creator/4.4/psoc creator/import/gnu/arm/5.4.1/bin/../lib/gcc/arm-none-eabi/5.4.1/armv7-m\libgcc.a(_arm_muldivdf3.o)
 .ARM.attributes
                0x00000456       0x1d c:/program files (x86)/cypress/psoc creator/4.4/psoc creator/import/gnu/arm/5.4.1/bin/../lib/gcc/arm-none-eabi/5.4.1/armv7-m\libgcc.a(_arm_cmpdf2.o)
 .ARM.attributes
                0x00000473       0x1d c:/program files (x86)/cypress/psoc creator/4.4/psoc creator/import/gnu/arm/5.4.1/bin/../lib/gcc/arm-none-eabi/5.4.1/armv7-m\libgcc.a(_arm_fixunsdfsi.o)
 .ARM.attributes
                0x00000490       0x2d c:/program files (x86)/cypress/psoc creator/4.4/psoc creator/import/gnu/arm/5.4.1/bin/../lib/gcc/arm-none-eabi/5.4.1/../../../../arm-none-eabi/lib/armv7-m\libg_nano.a(lib_a-errno.o)
 .ARM.attributes
                0x000004bd       0x2d c:/program files (x86)/cypress/psoc creator/4.4/psoc creator/import/gnu/arm/5.4.1/bin/../lib/gcc/arm-none-eabi/5.4.1/../../../../arm-none-eabi/lib/armv7-m\libg_nano.a(lib_a-exit.o)
 .ARM.attributes
                0x000004ea       0x2d c:/program files (x86)/cypress/psoc creator/4.4/psoc creator/import/gnu/arm/5.4.1/bin/../lib/gcc/arm-none-eabi/5.4.1/../../../../arm-none-eabi/lib/armv7-m\libg_nano.a(lib_a-impure.o)
 .ARM.attributes
                0x00000517       0x2d c:/program files (x86)/cypress/psoc creator/4.4/psoc creator/import/gnu/arm/5.4.1/bin/../lib/gcc/arm-none-eabi/5.4.1/../../../../arm-none-eabi/lib/armv7-m\libg_nano.a(lib_a-init.o)
 .ARM.attributes
                0x00000544       0x2d c:/program files (x86)/cypress/psoc creator/4.4/psoc creator/import/gnu/arm/5.4.1/bin/../lib/gcc/arm-none-eabi/5.4.1/../../../../arm-none-eabi/lib/armv7-m\libg_nano.a(lib_a-memcpy-stub.o)
 .ARM.attributes
                0x00000571       0x2d c:/program files (x86)/cypress/psoc creator/4.4/psoc creator/import/gnu/arm/5.4.1/bin/../lib/gcc/arm-none-eabi/5.4.1/../../../../arm-none-eabi/lib/armv7-m\libg_nano.a(lib_a-memset.o)
 .ARM.attributes
                0x0000059e       0x2d c:/program files (x86)/cypress/psoc creator/4.4/psoc creator/import/gnu/arm/5.4.1/bin/../lib/gcc/arm-none-eabi/5.4.1/../../../../arm-none-eabi/lib/armv7-m\libg_nano.a(lib_a-nano-vfprintf_float.o)
 .ARM.attributes
                0x000005cb       0x2d c:/program files (x86)/cypress/psoc creator/4.4/psoc creator/import/gnu/arm/5.4.1/bin/../lib/gcc/arm-none-eabi/5.4.1/../../../../arm-none-eabi/lib/armv7-m\libg_nano.a(lib_a-nano-vfprintf_i.o)
 .ARM.attributes
                0x000005f8       0x2d c:/program files (x86)/cypress/psoc creator/4.4/psoc creator/import/gnu/arm/5.4.1/bin/../lib/gcc/arm-none-eabi/5.4.1/../../../../arm-none-eabi/lib/armv7-m\libg_nano.a(lib_a-sprintf.o)
 .ARM.attributes
                0x00000625       0x17 c:/program files (x86)/cypress/psoc creator/4.4/psoc creator/import/gnu/arm/5.4.1/bin/../lib/gcc/arm-none-eabi/5.4.1/../../../../arm-none-eabi/lib/armv7-m\libg_nano.a(lib_a-strlen.o)
 .ARM.attributes
                0x0000063c       0x2d c:/program files (x86)/cypress/psoc creator/4.4/psoc creator/import/gnu/arm/5.4.1/bin/../lib/gcc/arm-none-eabi/5.4.1/../../../../arm-none-eabi/lib/armv7-m\libg_nano.a(lib_a-dtoa.o)
 .ARM.attributes
                0x00000669       0x2d c:/program files (x86)/cypress/psoc creator/4.4/psoc creator/import/gnu/arm/5.4.1/bin/../lib/gcc/arm-none-eabi/5.4.1/../../../../arm-none-eabi/lib/armv7-m\libg_nano.a(lib_a-locale.o)
 .ARM.attributes
                0x00000696       0x2d c:/program files (x86)/cypress/psoc creator/4.4/psoc creator/import/gnu/arm/5.4.1/bin/../lib/gcc/arm-none-eabi/5.4.1/../../../../arm-none-eabi/lib/armv7-m\libg_nano.a(lib_a-malloc.o)
 .ARM.attributes
                0x000006c3       0x2d c:/program files (x86)/cypress/psoc creator/4.4/psoc creator/import/gnu/arm/5.4.1/bin/../lib/gcc/arm-none-eabi/5.4.1/../../../../arm-none-eabi/lib/armv7-m\libg_nano.a(lib_a-memchr-stub.o)
 .ARM.attributes
                0x000006f0       0x2d c:/program files (x86)/cypress/psoc creator/4.4/psoc creator/import/gnu/arm/5.4.1/bin/../lib/gcc/arm-none-eabi/5.4.1/../../../../arm-none-eabi/lib/armv7-m\libg_nano.a(lib_a-mprec.o)
 .ARM.attributes
                0x0000071d       0x2d c:/program files (x86)/cypress/psoc creator/4.4/psoc creator/import/gnu/arm/5.4.1/bin/../lib/gcc/arm-none-eabi/5.4.1/../../../../arm-none-eabi/lib/armv7-m\libg_nano.a(lib_a-nano-callocr.o)
 .ARM.attributes
                0x0000074a       0x2d c:/program files (x86)/cypress/psoc creator/4.4/psoc creator/import/gnu/arm/5.4.1/bin/../lib/gcc/arm-none-eabi/5.4.1/../../../../arm-none-eabi/lib/armv7-m\libg_nano.a(lib_a-nano-freer.o)
 .ARM.attributes
                0x00000777       0x2d c:/program files (x86)/cypress/psoc creator/4.4/psoc creator/import/gnu/arm/5.4.1/bin/../lib/gcc/arm-none-eabi/5.4.1/../../../../arm-none-eabi/lib/armv7-m\libg_nano.a(lib_a-nano-mallocr.o)
 .ARM.attributes
                0x000007a4       0x2d c:/program files (x86)/cypress/psoc creator/4.4/psoc creator/import/gnu/arm/5.4.1/bin/../lib/gcc/arm-none-eabi/5.4.1/../../../../arm-none-eabi/lib/armv7-m\libg_nano.a(lib_a-nano-svfprintf.o)
 .ARM.attributes
                0x000007d1       0x2d c:/program files (x86)/cypress/psoc creator/4.4/psoc creator/import/gnu/arm/5.4.1/bin/../lib/gcc/arm-none-eabi/5.4.1/../../../../arm-none-eabi/lib/armv7-m\libg_nano.a(lib_a-sbrkr.o)
 .ARM.attributes
                0x000007fe       0x1b c:/program files (x86)/cypress/psoc creator/4.4/psoc creator/import/gnu/arm/5.4.1/bin/../lib/gcc/arm-none-eabi/5.4.1/../../../../arm-none-eabi/lib/armv7-m\libg_nano.a(lib_a-strcmp.o)
 .ARM.attributes
                0x00000819       0x2d c:/program files (x86)/cypress/psoc creator/4.4/psoc creator/import/gnu/arm/5.4.1/bin/../lib/gcc/arm-none-eabi/5.4.1/../../../../arm-none-eabi/lib/armv7-m\libg_nano.a(lib_a-memmove.o)
 .ARM.attributes
                0x00000846       0x2d c:/program files (x86)/cypress/psoc creator/4.4/psoc creator/import/gnu/arm/5.4.1/bin/../lib/gcc/arm-none-eabi/5.4.1/../../../../arm-none-eabi/lib/armv7-m\libg_nano.a(lib_a-mlock.o)
 .ARM.attributes
                0x00000873       0x2d c:/program files (x86)/cypress/psoc creator/4.4/psoc creator/import/gnu/arm/5.4.1/bin/../lib/gcc/arm-none-eabi/5.4.1/../../../../arm-none-eabi/lib/armv7-m\libg_nano.a(lib_a-nano-reallocr.o)
 .ARM.attributes
                0x000008a0       0x2d c:/program files (x86)/cypress/psoc creator/4.4/psoc creator/import/gnu/arm/5.4.1/bin/../lib/gcc/arm-none-eabi/5.4.1/../../../../arm-none-eabi/lib/armv7-m\libg_nano.a(lib_a-reent.o)
 .ARM.attributes
                0x000008cd       0x2d c:/program files (x86)/cypress/psoc creator/4.4/psoc creator/import/gnu/arm/5.4.1/bin/../lib/gcc/arm-none-eabi/5.4.1/../../../../arm-none-eabi/lib/armv7-m\libg_nano.a(lib_a-nano-msizer.o)
 .ARM.attributes
                0x000008fa       0x1d c:/program files (x86)/cypress/psoc creator/4.4/psoc creator/import/gnu/arm/5.4.1/bin/../lib/gcc/arm-none-eabi/5.4.1/armv7-m\libgcc.a(_arm_unorddf2.o)
 .ARM.attributes
                0x00000917       0x1d c:/program files (x86)/cypress/psoc creator/4.4/psoc creator/import/gnu/arm/5.4.1/bin/../lib/gcc/arm-none-eabi/5.4.1/armv7-m\libgcc.a(_arm_fixdfsi.o)
 .ARM.attributes
                0x00000934       0x2d c:/program files (x86)/cypress/psoc creator/4.4/psoc creator/import/gnu/arm/5.4.1/bin/../lib/gcc/arm-none-eabi/5.4.1/armv7-m/crtend.o
 .ARM.attributes
                0x00000961       0x1d c:/program files (x86)/cypress/psoc creator/4.4/psoc creator/import/gnu/arm/5.4.1/bin/../lib/gcc/arm-none-eabi/5.4.1/armv7-m/crtn.o

/DISCARD/
 *(.note.GNU-stack)
OUTPUT(C:\Users\danie\Documents\ECE302_NavCode\ECE302_NavProject\Design01.cydsn\CortexM3\ARM_GCC_541\Debug\Design01.elf elf32-littlearm)
